Archive member included because of file (symbol)

c:/users/carlos/appdata/local/arduino15/packages/arduino/tools/arm-none-eabi-gcc/4.8.3-2014q1/bin/../lib/gcc/arm-none-eabi/4.8.3/../../../../arm-none-eabi/lib/armv6-m\libm.a(lib_a-s_fpclassify.o)
                              C:\Users\Carlos\AppData\Local\Temp\VMBuilds\eco\mkr1000\Debug\ArduinoSTL\ostream_helpers.cpp.o (__fpclassifyd)
C:\Users\Carlos\AppData\Local\Temp\VMBuilds\eco\mkr1000\Debug/core.a(cortex_handlers.c.o)
                              (Reset_Handler)
C:\Users\Carlos\AppData\Local\Temp\VMBuilds\eco\mkr1000\Debug/core.a(delay.c.o)
                              C:\Users\Carlos\AppData\Local\Temp\VMBuilds\eco\mkr1000\Debug\WiFi101\WiFi.cpp.o (millis)
C:\Users\Carlos\AppData\Local\Temp\VMBuilds\eco\mkr1000\Debug/core.a(hooks.c.o)
                              C:\Users\Carlos\AppData\Local\Temp\VMBuilds\eco\mkr1000\Debug/core.a(delay.c.o) (yield)
C:\Users\Carlos\AppData\Local\Temp\VMBuilds\eco\mkr1000\Debug/core.a(startup.c.o)
                              C:\Users\Carlos\AppData\Local\Temp\VMBuilds\eco\mkr1000\Debug/core.a(cortex_handlers.c.o) (SystemInit)
C:\Users\Carlos\AppData\Local\Temp\VMBuilds\eco\mkr1000\Debug/core.a(WInterrupts.c.o)
                              C:\Users\Carlos\AppData\Local\Temp\VMBuilds\eco\mkr1000\Debug\WiFi101\bsp\source\nm_bsp_arduino.c.o (attachInterrupt)
C:\Users\Carlos\AppData\Local\Temp\VMBuilds\eco\mkr1000\Debug/core.a(wiring.c.o)
                              C:\Users\Carlos\AppData\Local\Temp\VMBuilds\eco\mkr1000\Debug/core.a(startup.c.o) (SystemCoreClock)
C:\Users\Carlos\AppData\Local\Temp\VMBuilds\eco\mkr1000\Debug/core.a(wiring_analog.c.o)
                              C:\Users\Carlos\AppData\Local\Temp\VMBuilds\eco\mkr1000\Debug/core.a(wiring.c.o) (analogReference)
C:\Users\Carlos\AppData\Local\Temp\VMBuilds\eco\mkr1000\Debug/core.a(wiring_digital.c.o)
                              C:\Users\Carlos\AppData\Local\Temp\VMBuilds\eco\mkr1000\Debug\WiFi101\bsp\source\nm_bsp_arduino.c.o (pinMode)
C:\Users\Carlos\AppData\Local\Temp\VMBuilds\eco\mkr1000\Debug/core.a(wiring_private.c.o)
                              C:\Users\Carlos\AppData\Local\Temp\VMBuilds\eco\mkr1000\Debug\SPI\SPI.cpp.o (pinPeripheral)
C:\Users\Carlos\AppData\Local\Temp\VMBuilds\eco\mkr1000\Debug/core.a(abi.cpp.o)
                              C:\Users\Carlos\AppData\Local\Temp\VMBuilds\eco\mkr1000\Debug\WiFi101\WiFiClient.cpp.o (__cxa_pure_virtual)
C:\Users\Carlos\AppData\Local\Temp\VMBuilds\eco\mkr1000\Debug/core.a(IPAddress.cpp.o)
                              C:\Users\Carlos\AppData\Local\Temp\VMBuilds\eco\mkr1000\Debug\WiFi101\WiFi.cpp.o (IPAddress::IPAddress())
C:\Users\Carlos\AppData\Local\Temp\VMBuilds\eco\mkr1000\Debug/core.a(main.cpp.o)
                              c:/users/carlos/appdata/local/arduino15/packages/arduino/tools/arm-none-eabi-gcc/4.8.3-2014q1/bin/../lib/gcc/arm-none-eabi/4.8.3/../../../../arm-none-eabi/lib/armv6-m/crt0.o (main)
C:\Users\Carlos\AppData\Local\Temp\VMBuilds\eco\mkr1000\Debug/core.a(new.cpp.o)
                              C:\Users\Carlos\AppData\Local\Temp\VMBuilds\eco\mkr1000\Debug\Network.cpp.o (operator new(unsigned int))
C:\Users\Carlos\AppData\Local\Temp\VMBuilds\eco\mkr1000\Debug/core.a(Print.cpp.o)
                              C:\Users\Carlos\AppData\Local\Temp\VMBuilds\eco\mkr1000\Debug\WiFi101\WiFiClient.cpp.o (Print::write(unsigned char const*, unsigned int))
C:\Users\Carlos\AppData\Local\Temp\VMBuilds\eco\mkr1000\Debug/core.a(Reset.cpp.o)
                              C:\Users\Carlos\AppData\Local\Temp\VMBuilds\eco\mkr1000\Debug/core.a(delay.c.o) (tickReset)
C:\Users\Carlos\AppData\Local\Temp\VMBuilds\eco\mkr1000\Debug/core.a(SERCOM.cpp.o)
                              C:\Users\Carlos\AppData\Local\Temp\VMBuilds\eco\mkr1000\Debug\variant\variant.cpp.o (SERCOM::SERCOM(Sercom*))
C:\Users\Carlos\AppData\Local\Temp\VMBuilds\eco\mkr1000\Debug/core.a(Uart.cpp.o)
                              C:\Users\Carlos\AppData\Local\Temp\VMBuilds\eco\mkr1000\Debug\variant\variant.cpp.o (Uart::Uart(SERCOM*, unsigned char, unsigned char, SercomRXPad, SercomUartTXPad))
C:\Users\Carlos\AppData\Local\Temp\VMBuilds\eco\mkr1000\Debug/core.a(WString.cpp.o)
                              C:\Users\Carlos\AppData\Local\Temp\VMBuilds\eco\mkr1000\Debug\debug.cpp.o (String::~String())
C:\Users\Carlos\AppData\Local\Temp\VMBuilds\eco\mkr1000\Debug/core.a(CDC.cpp.o)
                              C:\Users\Carlos\AppData\Local\Temp\VMBuilds\eco\mkr1000\Debug\debug.cpp.o (Serial_::flush())
C:\Users\Carlos\AppData\Local\Temp\VMBuilds\eco\mkr1000\Debug/core.a(USBCore.cpp.o)
                              C:\Users\Carlos\AppData\Local\Temp\VMBuilds\eco\mkr1000\Debug/core.a(main.cpp.o) (USBDeviceClass::init())
C:\Users\Carlos\AppData\Local\Temp\VMBuilds\eco\mkr1000\Debug/core.a(itoa.c.o)
                              C:\Users\Carlos\AppData\Local\Temp\VMBuilds\eco\mkr1000\Debug/core.a(WString.cpp.o) (ltoa)
[...]
Memory Configuration

Name             Origin             Length             Attributes
FLASH            0x00002000         0x0003e000         xr
RAM              0x20000000         0x00008000         xrw
*default*        0x00000000         0xffffffff

Linker script and memory map

LOAD c:/users/carlos/appdata/local/arduino15/packages/arduino/tools/arm-none-eabi-gcc/4.8.3-2014q1/bin/../lib/gcc/arm-none-eabi/4.8.3/armv6-m/crti.o
LOAD c:/users/carlos/appdata/local/arduino15/packages/arduino/tools/arm-none-eabi-gcc/4.8.3-2014q1/bin/../lib/gcc/arm-none-eabi/4.8.3/armv6-m/crtbegin.o
LOAD c:/users/carlos/appdata/local/arduino15/packages/arduino/tools/arm-none-eabi-gcc/4.8.3-2014q1/bin/../lib/gcc/arm-none-eabi/4.8.3/../../../../arm-none-eabi/lib/armv6-m/crt0.o
LOAD C:\Users\Carlos\AppData\Local\Temp\VMBuilds\eco\mkr1000\Debug\eco.cpp.o
LOAD C:\Users\Carlos\AppData\Local\Temp\VMBuilds\eco\mkr1000\Debug\WiFi101\WiFi.cpp.o
LOAD C:\Users\Carlos\AppData\Local\Temp\VMBuilds\eco\mkr1000\Debug\WiFi101\WiFiClient.cpp.o
LOAD C:\Users\Carlos\AppData\Local\Temp\VMBuilds\eco\mkr1000\Debug\WiFi101\WiFiMDNSResponder.cpp.o
LOAD C:\Users\Carlos\AppData\Local\Temp\VMBuilds\eco\mkr1000\Debug\WiFi101\WiFiServer.cpp.o
LOAD C:\Users\Carlos\AppData\Local\Temp\VMBuilds\eco\mkr1000\Debug\WiFi101\WiFiSSLClient.cpp.o
LOAD C:\Users\Carlos\AppData\Local\Temp\VMBuilds\eco\mkr1000\Debug\WiFi101\WiFiUdp.cpp.o
LOAD C:\Users\Carlos\AppData\Local\Temp\VMBuilds\eco\mkr1000\Debug\WiFi101\bsp\source\nm_bsp_arduino.c.o
LOAD C:\Users\Carlos\AppData\Local\Temp\VMBuilds\eco\mkr1000\Debug\WiFi101\bsp\source\nm_bsp_arduino_avr.c.o
LOAD C:\Users\Carlos\AppData\Local\Temp\VMBuilds\eco\mkr1000\Debug\WiFi101\bus_wrapper\source\nm_bus_wrapper_samd21.cpp.o
LOAD C:\Users\Carlos\AppData\Local\Temp\VMBuilds\eco\mkr1000\Debug\WiFi101\common\source\nm_common.c.o
LOAD C:\Users\Carlos\AppData\Local\Temp\VMBuilds\eco\mkr1000\Debug\WiFi101\driver\source\m2m_ate_mode.c.o
LOAD C:\Users\Carlos\AppData\Local\Temp\VMBuilds\eco\mkr1000\Debug\WiFi101\driver\source\m2m_crypto.c.o
LOAD C:\Users\Carlos\AppData\Local\Temp\VMBuilds\eco\mkr1000\Debug\WiFi101\driver\source\m2m_hif.c.o
LOAD C:\Users\Carlos\AppData\Local\Temp\VMBuilds\eco\mkr1000\Debug\WiFi101\driver\source\m2m_ota.c.o
LOAD C:\Users\Carlos\AppData\Local\Temp\VMBuilds\eco\mkr1000\Debug\WiFi101\driver\source\m2m_periph.c.o
LOAD C:\Users\Carlos\AppData\Local\Temp\VMBuilds\eco\mkr1000\Debug\WiFi101\driver\source\m2m_ssl.c.o
LOAD C:\Users\Carlos\AppData\Local\Temp\VMBuilds\eco\mkr1000\Debug\WiFi101\driver\source\m2m_wifi.c.o
LOAD C:\Users\Carlos\AppData\Local\Temp\VMBuilds\eco\mkr1000\Debug\WiFi101\driver\source\nmasic.c.o
LOAD C:\Users\Carlos\AppData\Local\Temp\VMBuilds\eco\mkr1000\Debug\WiFi101\driver\source\nmbus.c.o
LOAD C:\Users\Carlos\AppData\Local\Temp\VMBuilds\eco\mkr1000\Debug\WiFi101\driver\source\nmdrv.c.o
LOAD C:\Users\Carlos\AppData\Local\Temp\VMBuilds\eco\mkr1000\Debug\WiFi101\driver\source\nmi2c.c.o
LOAD C:\Users\Carlos\AppData\Local\Temp\VMBuilds\eco\mkr1000\Debug\WiFi101\driver\source\nmspi.c.o
LOAD C:\Users\Carlos\AppData\Local\Temp\VMBuilds\eco\mkr1000\Debug\WiFi101\driver\source\nmuart.c.o
LOAD C:\Users\Carlos\AppData\Local\Temp\VMBuilds\eco\mkr1000\Debug\WiFi101\socket\source\socket.c.o
LOAD C:\Users\Carlos\AppData\Local\Temp\VMBuilds\eco\mkr1000\Debug\WiFi101\socket\source\socket_buffer.c.o
LOAD C:\Users\Carlos\AppData\Local\Temp\VMBuilds\eco\mkr1000\Debug\WiFi101\spi_flash\source\spi_flash.c.o
LOAD C:\Users\Carlos\AppData\Local\Temp\VMBuilds\eco\mkr1000\Debug\ArduinoSTL\algorithm.cpp.o
LOAD C:\Users\Carlos\AppData\Local\Temp\VMBuilds\eco\mkr1000\Debug\ArduinoSTL\ArduinoSTL.cpp.o
LOAD C:\Users\Carlos\AppData\Local\Temp\VMBuilds\eco\mkr1000\Debug\ArduinoSTL\associative_base.cpp.o
LOAD C:\Users\Carlos\AppData\Local\Temp\VMBuilds\eco\mkr1000\Debug\ArduinoSTL\bitset.cpp.o
LOAD C:\Users\Carlos\AppData\Local\Temp\VMBuilds\eco\mkr1000\Debug\ArduinoSTL\char_traits.cpp.o
LOAD C:\Users\Carlos\AppData\Local\Temp\VMBuilds\eco\mkr1000\Debug\ArduinoSTL\complex.cpp.o
LOAD C:\Users\Carlos\AppData\Local\Temp\VMBuilds\eco\mkr1000\Debug\ArduinoSTL\del_op.cpp.o
LOAD C:\Users\Carlos\AppData\Local\Temp\VMBuilds\eco\mkr1000\Debug\ArduinoSTL\del_opnt.cpp.o
LOAD C:\Users\Carlos\AppData\Local\Temp\VMBuilds\eco\mkr1000\Debug\ArduinoSTL\del_ops.cpp.o
LOAD C:\Users\Carlos\AppData\Local\Temp\VMBuilds\eco\mkr1000\Debug\ArduinoSTL\del_opv.cpp.o
LOAD C:\Users\Carlos\AppData\Local\Temp\VMBuilds\eco\mkr1000\Debug\ArduinoSTL\del_opvnt.cpp.o
LOAD C:\Users\Carlos\AppData\Local\Temp\VMBuilds\eco\mkr1000\Debug\ArduinoSTL\del_opvs.cpp.o
LOAD C:\Users\Carlos\AppData\Local\Temp\VMBuilds\eco\mkr1000\Debug\ArduinoSTL\deque.cpp.o
LOAD C:\Users\Carlos\AppData\Local\Temp\VMBuilds\eco\mkr1000\Debug\ArduinoSTL\eh_alloc.cpp.o
LOAD C:\Users\Carlos\AppData\Local\Temp\VMBuilds\eco\mkr1000\Debug\ArduinoSTL\eh_globals.cpp.o
LOAD C:\Users\Carlos\AppData\Local\Temp\VMBuilds\eco\mkr1000\Debug\ArduinoSTL\exception.cpp.o
LOAD C:\Users\Carlos\AppData\Local\Temp\VMBuilds\eco\mkr1000\Debug\ArduinoSTL\func_exception.cpp.o
LOAD C:\Users\Carlos\AppData\Local\Temp\VMBuilds\eco\mkr1000\Debug\ArduinoSTL\iomanip.cpp.o
LOAD C:\Users\Carlos\AppData\Local\Temp\VMBuilds\eco\mkr1000\Debug\ArduinoSTL\ios.cpp.o
LOAD C:\Users\Carlos\AppData\Local\Temp\VMBuilds\eco\mkr1000\Debug\ArduinoSTL\iostream.cpp.o
LOAD C:\Users\Carlos\AppData\Local\Temp\VMBuilds\eco\mkr1000\Debug\ArduinoSTL\istream.cpp.o
LOAD C:\Users\Carlos\AppData\Local\Temp\VMBuilds\eco\mkr1000\Debug\ArduinoSTL\iterator.cpp.o
LOAD C:\Users\Carlos\AppData\Local\Temp\VMBuilds\eco\mkr1000\Debug\ArduinoSTL\limits.cpp.o
LOAD C:\Users\Carlos\AppData\Local\Temp\VMBuilds\eco\mkr1000\Debug\ArduinoSTL\list.cpp.o
LOAD C:\Users\Carlos\AppData\Local\Temp\VMBuilds\eco\mkr1000\Debug\ArduinoSTL\locale.cpp.o
LOAD C:\Users\Carlos\AppData\Local\Temp\VMBuilds\eco\mkr1000\Debug\ArduinoSTL\map.cpp.o
LOAD C:\Users\Carlos\AppData\Local\Temp\VMBuilds\eco\mkr1000\Debug\ArduinoSTL\new_handler.cpp.o
LOAD C:\Users\Carlos\AppData\Local\Temp\VMBuilds\eco\mkr1000\Debug\ArduinoSTL\new_op.cpp.o
LOAD C:\Users\Carlos\AppData\Local\Temp\VMBuilds\eco\mkr1000\Debug\ArduinoSTL\new_opnt.cpp.o
LOAD C:\Users\Carlos\AppData\Local\Temp\VMBuilds\eco\mkr1000\Debug\ArduinoSTL\new_opv.cpp.o
LOAD C:\Users\Carlos\AppData\Local\Temp\VMBuilds\eco\mkr1000\Debug\ArduinoSTL\new_opvnt.cpp.o
LOAD C:\Users\Carlos\AppData\Local\Temp\VMBuilds\eco\mkr1000\Debug\ArduinoSTL\numeric.cpp.o
LOAD C:\Users\Carlos\AppData\Local\Temp\VMBuilds\eco\mkr1000\Debug\ArduinoSTL\ostream.cpp.o
LOAD C:\Users\Carlos\AppData\Local\Temp\VMBuilds\eco\mkr1000\Debug\ArduinoSTL\ostream_helpers.cpp.o
LOAD C:\Users\Carlos\AppData\Local\Temp\VMBuilds\eco\mkr1000\Debug\ArduinoSTL\queue.cpp.o
LOAD C:\Users\Carlos\AppData\Local\Temp\VMBuilds\eco\mkr1000\Debug\ArduinoSTL\set.cpp.o
LOAD C:\Users\Carlos\AppData\Local\Temp\VMBuilds\eco\mkr1000\Debug\ArduinoSTL\sstream.cpp.o
LOAD C:\Users\Carlos\AppData\Local\Temp\VMBuilds\eco\mkr1000\Debug\ArduinoSTL\stack.cpp.o
LOAD C:\Users\Carlos\AppData\Local\Temp\VMBuilds\eco\mkr1000\Debug\ArduinoSTL\stdexcept.cpp.o
LOAD C:\Users\Carlos\AppData\Local\Temp\VMBuilds\eco\mkr1000\Debug\ArduinoSTL\streambuf.cpp.o
LOAD C:\Users\Carlos\AppData\Local\Temp\VMBuilds\eco\mkr1000\Debug\ArduinoSTL\string.cpp.o
LOAD C:\Users\Carlos\AppData\Local\Temp\VMBuilds\eco\mkr1000\Debug\ArduinoSTL\support.cpp.o
LOAD C:\Users\Carlos\AppData\Local\Temp\VMBuilds\eco\mkr1000\Debug\ArduinoSTL\typeinfo.cpp.o
LOAD C:\Users\Carlos\AppData\Local\Temp\VMBuilds\eco\mkr1000\Debug\ArduinoSTL\utility.cpp.o
LOAD C:\Users\Carlos\AppData\Local\Temp\VMBuilds\eco\mkr1000\Debug\ArduinoSTL\valarray.cpp.o
LOAD C:\Users\Carlos\AppData\Local\Temp\VMBuilds\eco\mkr1000\Debug\ArduinoSTL\vector.cpp.o
LOAD C:\Users\Carlos\AppData\Local\Temp\VMBuilds\eco\mkr1000\Debug\ArduinoSTL\abi\abi.cpp.o
LOAD C:\Users\Carlos\AppData\Local\Temp\VMBuilds\eco\mkr1000\Debug\SPI\SPI.cpp.o
LOAD C:\Users\Carlos\AppData\Local\Temp\VMBuilds\eco\mkr1000\Debug\debug.cpp.o
LOAD C:\Users\Carlos\AppData\Local\Temp\VMBuilds\eco\mkr1000\Debug\Network.cpp.o
LOAD C:\Users\Carlos\AppData\Local\Temp\VMBuilds\eco\mkr1000\Debug\variant\variant.cpp.o
START GROUP
LOAD C:\Users\Carlos\AppData\Local\arduino15\packages\arduino\tools\CMSIS\4.5.0/CMSIS/Lib/GCC/\libarm_cortexM0l_math.a
LOAD c:/users/carlos/appdata/local/arduino15/packages/arduino/tools/arm-none-eabi-gcc/4.8.3-2014q1/bin/../lib/gcc/arm-none-eabi/4.8.3/../../../../arm-none-eabi/lib/armv6-m\libm.a
LOAD C:\Users\Carlos\AppData\Local\Temp\VMBuilds\eco\mkr1000\Debug/core.a
END GROUP
START GROUP
LOAD c:/users/carlos/appdata/local/arduino15/packages/arduino/tools/arm-none-eabi-gcc/4.8.3-2014q1/bin/../lib/gcc/arm-none-eabi/4.8.3/armv6-m\libgcc.a
LOAD c:/users/carlos/appdata/local/arduino15/packages/arduino/tools/arm-none-eabi-gcc/4.8.3-2014q1/bin/../lib/gcc/arm-none-eabi/4.8.3/../../../../arm-none-eabi/lib/armv6-m\libc_s.a
END GROUP
START GROUP
LOAD c:/users/carlos/appdata/local/arduino15/packages/arduino/tools/arm-none-eabi-gcc/4.8.3-2014q1/bin/../lib/gcc/arm-none-eabi/4.8.3/armv6-m\libgcc.a
LOAD c:/users/carlos/appdata/local/arduino15/packages/arduino/tools/arm-none-eabi-gcc/4.8.3-2014q1/bin/../lib/gcc/arm-none-eabi/4.8.3/../../../../arm-none-eabi/lib/armv6-m\libc_s.a
LOAD c:/users/carlos/appdata/local/arduino15/packages/arduino/tools/arm-none-eabi-gcc/4.8.3-2014q1/bin/../lib/gcc/arm-none-eabi/4.8.3/../../../../arm-none-eabi/lib/armv6-m\libnosys.a
END GROUP
START GROUP
LOAD c:/users/carlos/appdata/local/arduino15/packages/arduino/tools/arm-none-eabi-gcc/4.8.3-2014q1/bin/../lib/gcc/arm-none-eabi/4.8.3/armv6-m\libgcc.a
LOAD c:/users/carlos/appdata/local/arduino15/packages/arduino/tools/arm-none-eabi-gcc/4.8.3-2014q1/bin/../lib/gcc/arm-none-eabi/4.8.3/../../../../arm-none-eabi/lib/armv6-m\libc_s.a
LOAD c:/users/carlos/appdata/local/arduino15/packages/arduino/tools/arm-none-eabi-gcc/4.8.3-2014q1/bin/../lib/gcc/arm-none-eabi/4.8.3/../../../../arm-none-eabi/lib/armv6-m\libnosys.a
END GROUP
LOAD c:/users/carlos/appdata/local/arduino15/packages/arduino/tools/arm-none-eabi-gcc/4.8.3-2014q1/bin/../lib/gcc/arm-none-eabi/4.8.3/armv6-m/crtend.o
LOAD c:/users/carlos/appdata/local/arduino15/packages/arduino/tools/arm-none-eabi-gcc/4.8.3-2014q1/bin/../lib/gcc/arm-none-eabi/4.8.3/armv6-m/crtn.o

.text           0x00002000     0x9bf8
                0x00002000                __text_start__ = .
 *(.sketch_boot)
                0x00002000                . = ALIGN (0x2000)
 *(.isr_vector)
 .isr_vector    0x00002000       0xb4 C:\Users\Carlos\AppData\Local\Temp\VMBuilds\eco\mkr1000\Debug/core.a(cortex_handlers.c.o)
                0x00002000                exception_table
 *(.text*)
 .text          0x000020b4       0x60 c:/users/carlos/appdata/local/arduino15/packages/arduino/tools/arm-none-eabi-gcc/4.8.3-2014q1/bin/../lib/gcc/arm-none-eabi/4.8.3/armv6-m/crtbegin.o
 .text.setup    0x00002114        0x8 C:\Users\Carlos\AppData\Local\Temp\VMBuilds\eco\mkr1000\Debug\eco.cpp.o
                0x00002114                setup
 .text.loop     0x0000211c        0x2 C:\Users\Carlos\AppData\Local\Temp\VMBuilds\eco\mkr1000\Debug\eco.cpp.o
                0x0000211c                loop
 *fill*         0x0000211e        0x2 
 .text.startup._GLOBAL__sub_I_setup
                0x00002120       0x18 C:\Users\Carlos\AppData\Local\Temp\VMBuilds\eco\mkr1000\Debug\eco.cpp.o
 .text._ZL10resolve_cbPhm
                0x00002138        0xc C:\Users\Carlos\AppData\Local\Temp\VMBuilds\eco\mkr1000\Debug\WiFi101\WiFi.cpp.o
 .text._ZN9WiFiClass4initEv
                0x00002144       0xe4 C:\Users\Carlos\AppData\Local\Temp\VMBuilds\eco\mkr1000\Debug\WiFi101\WiFi.cpp.o
                0x00002144                WiFiClass::init()
 .text._ZN9WiFiClass5beginEv
                0x00002228       0x80 C:\Users\Carlos\AppData\Local\Temp\VMBuilds\eco\mkr1000\Debug\WiFi101\WiFi.cpp.o
                0x00002228                WiFiClass::begin()
 .text._ZN9WiFiClass14startProvisionEPKcS1_h
                0x000022a8       0xb8 C:\Users\Carlos\AppData\Local\Temp\VMBuilds\eco\mkr1000\Debug\WiFi101\WiFi.cpp.o
                0x000022a8                WiFiClass::startProvision(char const*, char const*, unsigned char)
 .text._ZN9WiFiClass10macAddressEPh
                0x00002360       0x26 C:\Users\Carlos\AppData\Local\Temp\VMBuilds\eco\mkr1000\Debug\WiFi101\WiFi.cpp.o
                0x00002360                WiFiClass::macAddress(unsigned char*)
 *fill*         0x00002386        0x2 
 .text._ZN9WiFiClass12scanNetworksEv
                0x00002388       0x58 C:\Users\Carlos\AppData\Local\Temp\VMBuilds\eco\mkr1000\Debug\WiFi101\WiFi.cpp.o
                0x00002388                WiFiClass::scanNetworks()
 .text._ZN9WiFiClass4SSIDEh
                0x000023e0       0x60 C:\Users\Carlos\AppData\Local\Temp\VMBuilds\eco\mkr1000\Debug\WiFi101\WiFi.cpp.o
                0x000023e0                WiFiClass::SSID(unsigned char)
 .text._ZN9WiFiClass4RSSIEh
                0x00002440       0x4c C:\Users\Carlos\AppData\Local\Temp\VMBuilds\eco\mkr1000\Debug\WiFi101\WiFi.cpp.o
                0x00002440                WiFiClass::RSSI(unsigned char)
 .text._ZN9WiFiClass14encryptionTypeEh
                0x0000248c       0x50 C:\Users\Carlos\AppData\Local\Temp\VMBuilds\eco\mkr1000\Debug\WiFi101\WiFi.cpp.o
                0x0000248c                WiFiClass::encryptionType(unsigned char)
 .text._ZN9WiFiClass6statusEv
                0x000024dc       0x18 C:\Users\Carlos\AppData\Local\Temp\VMBuilds\eco\mkr1000\Debug\WiFi101\WiFi.cpp.o
                0x000024dc                WiFiClass::status()
 .text._ZN9WiFiClass14beginProvisionEh
                0x000024f4       0x44 C:\Users\Carlos\AppData\Local\Temp\VMBuilds\eco\mkr1000\Debug\WiFi101\WiFi.cpp.o
                0x000024f4                WiFiClass::beginProvision(unsigned char)
 .text._ZN9WiFiClass14beginProvisionEv
                0x00002538        0xa C:\Users\Carlos\AppData\Local\Temp\VMBuilds\eco\mkr1000\Debug\WiFi101\WiFi.cpp.o
                0x00002538                WiFiClass::beginProvision()
 *fill*         0x00002542        0x2 
 .text._ZL7wifi_cbhPv
                0x00002544      0x20c C:\Users\Carlos\AppData\Local\Temp\VMBuilds\eco\mkr1000\Debug\WiFi101\WiFi.cpp.o
 .text.startup._GLOBAL__sub_I__ZN9WiFiClassC2Ev
                0x00002750       0x28 C:\Users\Carlos\AppData\Local\Temp\VMBuilds\eco\mkr1000\Debug\WiFi101\WiFi.cpp.o
 .text.startup._GLOBAL__sub_I__ZN10WiFiClientC2Ev
                0x00002778       0x18 C:\Users\Carlos\AppData\Local\Temp\VMBuilds\eco\mkr1000\Debug\WiFi101\WiFiClient.cpp.o
 .text.startup._GLOBAL__sub_I__ZN17WiFiMDNSResponderC2Ev
                0x00002790       0x18 C:\Users\Carlos\AppData\Local\Temp\VMBuilds\eco\mkr1000\Debug\WiFi101\WiFiMDNSResponder.cpp.o
 .text.startup._GLOBAL__sub_I__ZN10WiFiServerC2Et
                0x000027a8       0x18 C:\Users\Carlos\AppData\Local\Temp\VMBuilds\eco\mkr1000\Debug\WiFi101\WiFiServer.cpp.o
 .text.startup._GLOBAL__sub_I__ZN13WiFiSSLClientC2Ev
                0x000027c0       0x18 C:\Users\Carlos\AppData\Local\Temp\VMBuilds\eco\mkr1000\Debug\WiFi101\WiFiSSLClient.cpp.o
 .text.startup._GLOBAL__sub_I__ZN7WiFiUDPC2Ev
                0x000027d8       0x18 C:\Users\Carlos\AppData\Local\Temp\VMBuilds\eco\mkr1000\Debug\WiFi101\WiFiUdp.cpp.o
 .text.chip_isr
                0x000027f0       0x14 C:\Users\Carlos\AppData\Local\Temp\VMBuilds\eco\mkr1000\Debug\WiFi101\bsp\source\nm_bsp_arduino.c.o
 .text.attachInterruptMultiArch
                0x00002804        0x8 C:\Users\Carlos\AppData\Local\Temp\VMBuilds\eco\mkr1000\Debug\WiFi101\bsp\source\nm_bsp_arduino.c.o
                0x00002804                attachInterruptMultiArch
 .text.detachInterruptMultiArch
                0x0000280c        0x8 C:\Users\Carlos\AppData\Local\Temp\VMBuilds\eco\mkr1000\Debug\WiFi101\bsp\source\nm_bsp_arduino.c.o
                0x0000280c                detachInterruptMultiArch
 .text.nm_bsp_sleep
                0x00002814       0x14 C:\Users\Carlos\AppData\Local\Temp\VMBuilds\eco\mkr1000\Debug\WiFi101\bsp\source\nm_bsp_arduino.c.o
                0x00002814                nm_bsp_sleep
 .text.nm_bsp_reset
                0x00002828       0x2c C:\Users\Carlos\AppData\Local\Temp\VMBuilds\eco\mkr1000\Debug\WiFi101\bsp\source\nm_bsp_arduino.c.o
                0x00002828                nm_bsp_reset
 .text.nm_bsp_init
                0x00002854       0x54 C:\Users\Carlos\AppData\Local\Temp\VMBuilds\eco\mkr1000\Debug\WiFi101\bsp\source\nm_bsp_arduino.c.o
                0x00002854                nm_bsp_init
 .text.nm_bsp_register_isr
                0x000028a8       0x24 C:\Users\Carlos\AppData\Local\Temp\VMBuilds\eco\mkr1000\Debug\WiFi101\bsp\source\nm_bsp_arduino.c.o
                0x000028a8                nm_bsp_register_isr
 .text.nm_bsp_interrupt_ctrl
                0x000028cc       0x28 C:\Users\Carlos\AppData\Local\Temp\VMBuilds\eco\mkr1000\Debug\WiFi101\bsp\source\nm_bsp_arduino.c.o
                0x000028cc                nm_bsp_interrupt_ctrl
 .text.nm_bus_init
                0x000028f4       0x34 C:\Users\Carlos\AppData\Local\Temp\VMBuilds\eco\mkr1000\Debug\WiFi101\bus_wrapper\source\nm_bus_wrapper_samd21.cpp.o
                0x000028f4                nm_bus_init
 .text.nm_bus_ioctl
                0x00002928       0x98 C:\Users\Carlos\AppData\Local\Temp\VMBuilds\eco\mkr1000\Debug\WiFi101\bus_wrapper\source\nm_bus_wrapper_samd21.cpp.o
                0x00002928                nm_bus_ioctl
 .text.nm_bus_deinit
                0x000029c0       0x10 C:\Users\Carlos\AppData\Local\Temp\VMBuilds\eco\mkr1000\Debug\WiFi101\bus_wrapper\source\nm_bus_wrapper_samd21.cpp.o
                0x000029c0                nm_bus_deinit
 .text.startup._GLOBAL__sub_I_egstrNmBusCapabilities
                0x000029d0       0x18 C:\Users\Carlos\AppData\Local\Temp\VMBuilds\eco\mkr1000\Debug\WiFi101\bus_wrapper\source\nm_bus_wrapper_samd21.cpp.o
 .text.m2m_memcpy
                0x000029e8       0x12 C:\Users\Carlos\AppData\Local\Temp\VMBuilds\eco\mkr1000\Debug\WiFi101\common\source\nm_common.c.o
                0x000029e8                m2m_memcpy
 .text.m2m_memset
                0x000029fa       0x10 C:\Users\Carlos\AppData\Local\Temp\VMBuilds\eco\mkr1000\Debug\WiFi101\common\source\nm_common.c.o
                0x000029fa                m2m_memset
 .text.m2m_strlen
                0x00002a0a       0x14 C:\Users\Carlos\AppData\Local\Temp\VMBuilds\eco\mkr1000\Debug\WiFi101\common\source\nm_common.c.o
                0x00002a0a                m2m_strlen
 *fill*         0x00002a1e        0x2 
 .text.isr      0x00002a20       0x10 C:\Users\Carlos\AppData\Local\Temp\VMBuilds\eco\mkr1000\Debug\WiFi101\driver\source\m2m_hif.c.o
 .text.m2m_hif_cb
                0x00002a30        0x2 C:\Users\Carlos\AppData\Local\Temp\VMBuilds\eco\mkr1000\Debug\WiFi101\driver\source\m2m_hif.c.o
 *fill*         0x00002a32        0x2 
 .text.hif_set_rx_done
                0x00002a34       0x34 C:\Users\Carlos\AppData\Local\Temp\VMBuilds\eco\mkr1000\Debug\WiFi101\driver\source\m2m_hif.c.o
 .text.hif_chip_wake
                0x00002a68       0x34 C:\Users\Carlos\AppData\Local\Temp\VMBuilds\eco\mkr1000\Debug\WiFi101\driver\source\m2m_hif.c.o
                0x00002a68                hif_chip_wake
 .text.hif_chip_sleep_sc
                0x00002a9c       0x18 C:\Users\Carlos\AppData\Local\Temp\VMBuilds\eco\mkr1000\Debug\WiFi101\driver\source\m2m_hif.c.o
                0x00002a9c                hif_chip_sleep_sc
 .text.hif_chip_sleep
                0x00002ab4       0x2c C:\Users\Carlos\AppData\Local\Temp\VMBuilds\eco\mkr1000\Debug\WiFi101\driver\source\m2m_hif.c.o
                0x00002ab4                hif_chip_sleep
 .text.hif_init
                0x00002ae0       0x28 C:\Users\Carlos\AppData\Local\Temp\VMBuilds\eco\mkr1000\Debug\WiFi101\driver\source\m2m_hif.c.o
                0x00002ae0                hif_init
 .text.hif_send
                0x00002b08      0x190 C:\Users\Carlos\AppData\Local\Temp\VMBuilds\eco\mkr1000\Debug\WiFi101\driver\source\m2m_hif.c.o
                0x00002b08                hif_send
 .text.hif_handle_isr
                0x00002c98      0x170 C:\Users\Carlos\AppData\Local\Temp\VMBuilds\eco\mkr1000\Debug\WiFi101\driver\source\m2m_hif.c.o
                0x00002c98                hif_handle_isr
 .text.hif_receive
                0x00002e08       0x58 C:\Users\Carlos\AppData\Local\Temp\VMBuilds\eco\mkr1000\Debug\WiFi101\driver\source\m2m_hif.c.o
                0x00002e08                hif_receive
 .text.hif_register_cb
                0x00002e60       0x3c C:\Users\Carlos\AppData\Local\Temp\VMBuilds\eco\mkr1000\Debug\WiFi101\driver\source\m2m_hif.c.o
                0x00002e60                hif_register_cb
 .text.get_gpio_idx
                0x00002e9c       0x3a C:\Users\Carlos\AppData\Local\Temp\VMBuilds\eco\mkr1000\Debug\WiFi101\driver\source\m2m_periph.c.o
 .text.m2m_periph_gpio_set_dir
                0x00002ed6       0x28 C:\Users\Carlos\AppData\Local\Temp\VMBuilds\eco\mkr1000\Debug\WiFi101\driver\source\m2m_periph.c.o
                0x00002ed6                m2m_periph_gpio_set_dir
 .text.m2m_periph_gpio_set_val
                0x00002efe       0x28 C:\Users\Carlos\AppData\Local\Temp\VMBuilds\eco\mkr1000\Debug\WiFi101\driver\source\m2m_periph.c.o
                0x00002efe                m2m_periph_gpio_set_val
 .text.m2m_ssl_set_active_ciphersuites
                0x00002f26       0x1c C:\Users\Carlos\AppData\Local\Temp\VMBuilds\eco\mkr1000\Debug\WiFi101\driver\source\m2m_ssl.c.o
                0x00002f26                m2m_ssl_set_active_ciphersuites
 *fill*         0x00002f42        0x2 
 .text.m2m_wifi_cb
                0x00002f44      0x188 C:\Users\Carlos\AppData\Local\Temp\VMBuilds\eco\mkr1000\Debug\WiFi101\driver\source\m2m_wifi.c.o
 .text.m2m_validate_ap_parameters
                0x000030cc       0x96 C:\Users\Carlos\AppData\Local\Temp\VMBuilds\eco\mkr1000\Debug\WiFi101\driver\source\m2m_wifi.c.o
 *fill*         0x00003162        0x2 
 .text.m2m_wifi_init
                0x00003164       0x70 C:\Users\Carlos\AppData\Local\Temp\VMBuilds\eco\mkr1000\Debug\WiFi101\driver\source\m2m_wifi.c.o
                0x00003164                m2m_wifi_init
 .text.m2m_wifi_handle_events
                0x000031d4       0x2c C:\Users\Carlos\AppData\Local\Temp\VMBuilds\eco\mkr1000\Debug\WiFi101\driver\source\m2m_wifi.c.o
                0x000031d4                m2m_wifi_handle_events
 .text.m2m_wifi_default_connect
                0x00003200       0x18 C:\Users\Carlos\AppData\Local\Temp\VMBuilds\eco\mkr1000\Debug\WiFi101\driver\source\m2m_wifi.c.o
                0x00003200                m2m_wifi_default_connect
 .text.m2m_wifi_connect_sc
                0x00003218      0x10c C:\Users\Carlos\AppData\Local\Temp\VMBuilds\eco\mkr1000\Debug\WiFi101\driver\source\m2m_wifi.c.o
                0x00003218                m2m_wifi_connect_sc
 .text.m2m_wifi_connect
                0x00003324       0x12 C:\Users\Carlos\AppData\Local\Temp\VMBuilds\eco\mkr1000\Debug\WiFi101\driver\source\m2m_wifi.c.o
                0x00003324                m2m_wifi_connect
 *fill*         0x00003336        0x2 
 .text.m2m_wifi_request_scan
                0x00003338       0x48 C:\Users\Carlos\AppData\Local\Temp\VMBuilds\eco\mkr1000\Debug\WiFi101\driver\source\m2m_wifi.c.o
                0x00003338                m2m_wifi_request_scan
 .text.m2m_wifi_get_mac_address
                0x00003380       0x1e C:\Users\Carlos\AppData\Local\Temp\VMBuilds\eco\mkr1000\Debug\WiFi101\driver\source\m2m_wifi.c.o
                0x00003380                m2m_wifi_get_mac_address
 .text.m2m_wifi_req_scan_result
                0x0000339e       0x1c C:\Users\Carlos\AppData\Local\Temp\VMBuilds\eco\mkr1000\Debug\WiFi101\driver\source\m2m_wifi.c.o
                0x0000339e                m2m_wifi_req_scan_result
 *fill*         0x000033ba        0x2 
 .text.m2m_wifi_get_num_ap_found
                0x000033bc        0xc C:\Users\Carlos\AppData\Local\Temp\VMBuilds\eco\mkr1000\Debug\WiFi101\driver\source\m2m_wifi.c.o
                0x000033bc                m2m_wifi_get_num_ap_found
 .text.m2m_wifi_start_provision_mode
                0x000033c8       0x94 C:\Users\Carlos\AppData\Local\Temp\VMBuilds\eco\mkr1000\Debug\WiFi101\driver\source\m2m_wifi.c.o
                0x000033c8                m2m_wifi_start_provision_mode
 .text.m2m_wifi_get_connection_info
                0x0000345c       0x18 C:\Users\Carlos\AppData\Local\Temp\VMBuilds\eco\mkr1000\Debug\WiFi101\driver\source\m2m_wifi.c.o
                0x0000345c                m2m_wifi_get_connection_info
 .text.chip_apply_conf
                0x00003474       0x2c C:\Users\Carlos\AppData\Local\Temp\VMBuilds\eco\mkr1000\Debug\WiFi101\driver\source\nmasic.c.o
                0x00003474                chip_apply_conf
 .text.enable_interrupts
                0x000034a0       0x50 C:\Users\Carlos\AppData\Local\Temp\VMBuilds\eco\mkr1000\Debug\WiFi101\driver\source\nmasic.c.o
                0x000034a0                enable_interrupts
 .text.nmi_get_chipid
                0x000034f0       0xac C:\Users\Carlos\AppData\Local\Temp\VMBuilds\eco\mkr1000\Debug\WiFi101\driver\source\nmasic.c.o
                0x000034f0                nmi_get_chipid
 .text.chip_sleep
                0x0000359c       0x5e C:\Users\Carlos\AppData\Local\Temp\VMBuilds\eco\mkr1000\Debug\WiFi101\driver\source\nmasic.c.o
                0x0000359c                chip_sleep
 .text.chip_wake
                0x000035fa       0x7c C:\Users\Carlos\AppData\Local\Temp\VMBuilds\eco\mkr1000\Debug\WiFi101\driver\source\nmasic.c.o
                0x000035fa                chip_wake
 *fill*         0x00003676        0x2 
 .text.wait_for_bootrom
                0x00003678       0xd0 C:\Users\Carlos\AppData\Local\Temp\VMBuilds\eco\mkr1000\Debug\WiFi101\driver\source\nmasic.c.o
                0x00003678                wait_for_bootrom
 .text.wait_for_firmware_start
                0x00003748       0x60 C:\Users\Carlos\AppData\Local\Temp\VMBuilds\eco\mkr1000\Debug\WiFi101\driver\source\nmasic.c.o
                0x00003748                wait_for_firmware_start
 .text.chip_deinit
                0x000037a8       0x2c C:\Users\Carlos\AppData\Local\Temp\VMBuilds\eco\mkr1000\Debug\WiFi101\driver\source\nmasic.c.o
                0x000037a8                chip_deinit
 .text.set_gpio_dir
                0x000037d4       0x34 C:\Users\Carlos\AppData\Local\Temp\VMBuilds\eco\mkr1000\Debug\WiFi101\driver\source\nmasic.c.o
                0x000037d4                set_gpio_dir
 .text.set_gpio_val
                0x00003808       0x34 C:\Users\Carlos\AppData\Local\Temp\VMBuilds\eco\mkr1000\Debug\WiFi101\driver\source\nmasic.c.o
                0x00003808                set_gpio_val
 .text.nmi_get_mac_address
                0x0000383c       0x74 C:\Users\Carlos\AppData\Local\Temp\VMBuilds\eco\mkr1000\Debug\WiFi101\driver\source\nmasic.c.o
                0x0000383c                nmi_get_mac_address
 .text.nm_bus_iface_init
                0x000038b0        0x8 C:\Users\Carlos\AppData\Local\Temp\VMBuilds\eco\mkr1000\Debug\WiFi101\driver\source\nmbus.c.o
                0x000038b0                nm_bus_iface_init
 .text.nm_bus_iface_deinit
                0x000038b8        0x8 C:\Users\Carlos\AppData\Local\Temp\VMBuilds\eco\mkr1000\Debug\WiFi101\driver\source\nmbus.c.o
                0x000038b8                nm_bus_iface_deinit
 .text.nm_bus_reset
                0x000038c0        0x8 C:\Users\Carlos\AppData\Local\Temp\VMBuilds\eco\mkr1000\Debug\WiFi101\driver\source\nmbus.c.o
                0x000038c0                nm_bus_reset
 .text.nm_read_reg
                0x000038c8        0x8 C:\Users\Carlos\AppData\Local\Temp\VMBuilds\eco\mkr1000\Debug\WiFi101\driver\source\nmbus.c.o
                0x000038c8                nm_read_reg
 .text.nm_read_reg_with_ret
                0x000038d0        0x8 C:\Users\Carlos\AppData\Local\Temp\VMBuilds\eco\mkr1000\Debug\WiFi101\driver\source\nmbus.c.o
                0x000038d0                nm_read_reg_with_ret
 .text.nm_write_reg
                0x000038d8        0x8 C:\Users\Carlos\AppData\Local\Temp\VMBuilds\eco\mkr1000\Debug\WiFi101\driver\source\nmbus.c.o
                0x000038d8                nm_write_reg
 .text.nm_read_block
                0x000038e0       0x40 C:\Users\Carlos\AppData\Local\Temp\VMBuilds\eco\mkr1000\Debug\WiFi101\driver\source\nmbus.c.o
                0x000038e0                nm_read_block
 .text.nm_write_block
                0x00003920       0x40 C:\Users\Carlos\AppData\Local\Temp\VMBuilds\eco\mkr1000\Debug\WiFi101\driver\source\nmbus.c.o
                0x00003920                nm_write_block
 .text.nm_get_firmware_info
                0x00003960       0xac C:\Users\Carlos\AppData\Local\Temp\VMBuilds\eco\mkr1000\Debug\WiFi101\driver\source\nmdrv.c.o
                0x00003960                nm_get_firmware_info
 .text.nm_get_firmware_full_info
                0x00003a0c       0xb4 C:\Users\Carlos\AppData\Local\Temp\VMBuilds\eco\mkr1000\Debug\WiFi101\driver\source\nmdrv.c.o
                0x00003a0c                nm_get_firmware_full_info
 .text.nm_drv_init
                0x00003ac0       0x4a C:\Users\Carlos\AppData\Local\Temp\VMBuilds\eco\mkr1000\Debug\WiFi101\driver\source\nmdrv.c.o
                0x00003ac0                nm_drv_init
 .text.nm_drv_deinit
                0x00003b0a       0x22 C:\Users\Carlos\AppData\Local\Temp\VMBuilds\eco\mkr1000\Debug\WiFi101\driver\source\nmdrv.c.o
                0x00003b0a                nm_drv_deinit
 .text.nmi_spi_write
                0x00003b2c       0x18 C:\Users\Carlos\AppData\Local\Temp\VMBuilds\eco\mkr1000\Debug\WiFi101\driver\source\nmspi.c.o
 .text.nmi_spi_read
                0x00003b44       0x18 C:\Users\Carlos\AppData\Local\Temp\VMBuilds\eco\mkr1000\Debug\WiFi101\driver\source\nmspi.c.o
 .text.spi_cmd_rsp
                0x00003b5c       0x68 C:\Users\Carlos\AppData\Local\Temp\VMBuilds\eco\mkr1000\Debug\WiFi101\driver\source\nmspi.c.o
 .text.spi_data_read
                0x00003bc4       0x8c C:\Users\Carlos\AppData\Local\Temp\VMBuilds\eco\mkr1000\Debug\WiFi101\driver\source\nmspi.c.o
 .text.spi_cmd  0x00003c50      0x108 C:\Users\Carlos\AppData\Local\Temp\VMBuilds\eco\mkr1000\Debug\WiFi101\driver\source\nmspi.c.o
 .text.spi_write_reg
                0x00003d58       0x66 C:\Users\Carlos\AppData\Local\Temp\VMBuilds\eco\mkr1000\Debug\WiFi101\driver\source\nmspi.c.o
 .text.spi_read_reg
                0x00003dbe       0x94 C:\Users\Carlos\AppData\Local\Temp\VMBuilds\eco\mkr1000\Debug\WiFi101\driver\source\nmspi.c.o
 .text.nm_spi_reset
                0x00003e52       0x1c C:\Users\Carlos\AppData\Local\Temp\VMBuilds\eco\mkr1000\Debug\WiFi101\driver\source\nmspi.c.o
                0x00003e52                nm_spi_reset
 *fill*         0x00003e6e        0x2 
 .text.nm_spi_deinit
                0x00003e70        0xc C:\Users\Carlos\AppData\Local\Temp\VMBuilds\eco\mkr1000\Debug\WiFi101\driver\source\nmspi.c.o
                0x00003e70                nm_spi_deinit
 .text.nm_spi_read_reg
                0x00003e7c        0xc C:\Users\Carlos\AppData\Local\Temp\VMBuilds\eco\mkr1000\Debug\WiFi101\driver\source\nmspi.c.o
                0x00003e7c                nm_spi_read_reg
 .text.nm_spi_read_reg_with_ret
                0x00003e88       0x14 C:\Users\Carlos\AppData\Local\Temp\VMBuilds\eco\mkr1000\Debug\WiFi101\driver\source\nmspi.c.o
                0x00003e88                nm_spi_read_reg_with_ret
 .text.nm_spi_write_reg
                0x00003e9c       0x14 C:\Users\Carlos\AppData\Local\Temp\VMBuilds\eco\mkr1000\Debug\WiFi101\driver\source\nmspi.c.o
                0x00003e9c                nm_spi_write_reg
 .text.nm_spi_init
                0x00003eb0       0x80 C:\Users\Carlos\AppData\Local\Temp\VMBuilds\eco\mkr1000\Debug\WiFi101\driver\source\nmspi.c.o
                0x00003eb0                nm_spi_init
 .text.nm_spi_read_block
                0x00003f30       0xa2 C:\Users\Carlos\AppData\Local\Temp\VMBuilds\eco\mkr1000\Debug\WiFi101\driver\source\nmspi.c.o
                0x00003f30                nm_spi_read_block
 *fill*         0x00003fd2        0x2 
 .text.nm_spi_write_block
                0x00003fd4      0x10c C:\Users\Carlos\AppData\Local\Temp\VMBuilds\eco\mkr1000\Debug\WiFi101\driver\source\nmspi.c.o
                0x00003fd4                nm_spi_write_block
 .text.Socket_ReadSocketData
                0x000040e0       0xc0 C:\Users\Carlos\AppData\Local\Temp\VMBuilds\eco\mkr1000\Debug\WiFi101\socket\source\socket.c.o
                0x000040e0                Socket_ReadSocketData
 .text.m2m_ip_cb
                0x000041a0      0x288 C:\Users\Carlos\AppData\Local\Temp\VMBuilds\eco\mkr1000\Debug\WiFi101\socket\source\socket.c.o
 .text.Socket_ReadSocketData_Small
                0x00004428       0xb8 C:\Users\Carlos\AppData\Local\Temp\VMBuilds\eco\mkr1000\Debug\WiFi101\socket\source\socket.c.o
                0x00004428                Socket_ReadSocketData_Small
 .text.socketInit
                0x000044e0       0x38 C:\Users\Carlos\AppData\Local\Temp\VMBuilds\eco\mkr1000\Debug\WiFi101\socket\source\socket.c.o
                0x000044e0                socketInit
 .text.registerSocketCallback
                0x00004518       0x14 C:\Users\Carlos\AppData\Local\Temp\VMBuilds\eco\mkr1000\Debug\WiFi101\socket\source\socket.c.o
                0x00004518                registerSocketCallback
 .text.listen   0x0000452c       0x48 C:\Users\Carlos\AppData\Local\Temp\VMBuilds\eco\mkr1000\Debug\WiFi101\socket\source\socket.c.o
                0x0000452c                listen
 .text.recv     0x00004574       0x80 C:\Users\Carlos\AppData\Local\Temp\VMBuilds\eco\mkr1000\Debug\WiFi101\socket\source\socket.c.o
                0x00004574                recv
 .text.close    0x000045f4       0x60 C:\Users\Carlos\AppData\Local\Temp\VMBuilds\eco\mkr1000\Debug\WiFi101\socket\source\socket.c.o
                0x000045f4                close
 .text.recvfrom
                0x00004654       0x84 C:\Users\Carlos\AppData\Local\Temp\VMBuilds\eco\mkr1000\Debug\WiFi101\socket\source\socket.c.o
                0x00004654                recvfrom
 .text.socketBufferInit
                0x000046d8       0x14 C:\Users\Carlos\AppData\Local\Temp\VMBuilds\eco\mkr1000\Debug\WiFi101\socket\source\socket_buffer.c.o
                0x000046d8                socketBufferInit
 .text.socketBufferCb
                0x000046ec      0x200 C:\Users\Carlos\AppData\Local\Temp\VMBuilds\eco\mkr1000\Debug\WiFi101\socket\source\socket_buffer.c.o
                0x000046ec                socketBufferCb
 .text.spi_flash_enable
                0x000048ec       0xd8 C:\Users\Carlos\AppData\Local\Temp\VMBuilds\eco\mkr1000\Debug\WiFi101\spi_flash\source\spi_flash.c.o
                0x000048ec                spi_flash_enable
 .text._ZNSt9basic_iosIcSt11char_traitsIcEED2Ev
                0x000049c4        0xc C:\Users\Carlos\AppData\Local\Temp\VMBuilds\eco\mkr1000\Debug\ArduinoSTL\ArduinoSTL.cpp.o
                0x000049c4                std::basic_ios<char, std::char_traits<char> >::~basic_ios()
                0x000049c4                std::basic_ios<char, std::char_traits<char> >::~basic_ios()
 .text._ZNSoD1Ev
                0x000049d0       0x24 C:\Users\Carlos\AppData\Local\Temp\VMBuilds\eco\mkr1000\Debug\ArduinoSTL\ArduinoSTL.cpp.o
                0x000049d0                std::basic_ostream<char, std::char_traits<char> >::~basic_ostream()
                0x000049e4                virtual thunk to std::basic_ostream<char, std::char_traits<char> >::~basic_ostream()
 .text._ZNSt15basic_serialbufIcSt11char_traitsIcE6StreamED2Ev
                0x000049f4        0xc C:\Users\Carlos\AppData\Local\Temp\VMBuilds\eco\mkr1000\Debug\ArduinoSTL\ArduinoSTL.cpp.o
                0x000049f4                std::basic_serialbuf<char, std::char_traits<char>, Stream>::~basic_serialbuf()
                0x000049f4                std::basic_serialbuf<char, std::char_traits<char>, Stream>::~basic_serialbuf()
 .text._ZNSiD1Ev
                0x00004a00       0x24 C:\Users\Carlos\AppData\Local\Temp\VMBuilds\eco\mkr1000\Debug\ArduinoSTL\ArduinoSTL.cpp.o
                0x00004a00                std::basic_istream<char, std::char_traits<char> >::~basic_istream()
                0x00004a14                virtual thunk to std::basic_istream<char, std::char_traits<char> >::~basic_istream()
 .text._ZNSt15basic_streambufIcSt11char_traitsIcEED2Ev
                0x00004a24        0xc C:\Users\Carlos\AppData\Local\Temp\VMBuilds\eco\mkr1000\Debug\ArduinoSTL\ArduinoSTL.cpp.o
                0x00004a24                std::basic_streambuf<char, std::char_traits<char> >::~basic_streambuf()
                0x00004a24                std::basic_streambuf<char, std::char_traits<char> >::~basic_streambuf()
 .text._ZNSt19basic_iserialstreamIcSt11char_traitsIcE6StreamED1Ev
                0x00004a30       0x2c C:\Users\Carlos\AppData\Local\Temp\VMBuilds\eco\mkr1000\Debug\ArduinoSTL\ArduinoSTL.cpp.o
                0x00004a30                std::basic_iserialstream<char, std::char_traits<char>, Stream>::~basic_iserialstream()
                0x00004a4c                virtual thunk to std::basic_iserialstream<char, std::char_traits<char>, Stream>::~basic_iserialstream()
 .text._ZNSt19basic_oserialstreamIcSt11char_traitsIcE6StreamED1Ev
                0x00004a5c       0x2c C:\Users\Carlos\AppData\Local\Temp\VMBuilds\eco\mkr1000\Debug\ArduinoSTL\ArduinoSTL.cpp.o
                0x00004a5c                std::basic_oserialstream<char, std::char_traits<char>, Stream>::~basic_oserialstream()
                0x00004a78                virtual thunk to std::basic_oserialstream<char, std::char_traits<char>, Stream>::~basic_oserialstream()
 .text._ZNSt15basic_streambufIcSt11char_traitsIcEE5imbueERKSt6locale
                0x00004a88        0x2 C:\Users\Carlos\AppData\Local\Temp\VMBuilds\eco\mkr1000\Debug\ArduinoSTL\ArduinoSTL.cpp.o
                0x00004a88                std::basic_streambuf<char, std::char_traits<char> >::imbue(std::locale const&)
 .text._ZNSt15basic_streambufIcSt11char_traitsIcEE6setbufEPcl
                0x00004a8a        0x4 C:\Users\Carlos\AppData\Local\Temp\VMBuilds\eco\mkr1000\Debug\ArduinoSTL\ArduinoSTL.cpp.o
                0x00004a8a                std::basic_streambuf<char, std::char_traits<char> >::setbuf(char*, long)
 .text._ZNSt15basic_streambufIcSt11char_traitsIcEE7seekoffEihh
                0x00004a8e        0x4 C:\Users\Carlos\AppData\Local\Temp\VMBuilds\eco\mkr1000\Debug\ArduinoSTL\ArduinoSTL.cpp.o
                0x00004a8e                std::basic_streambuf<char, std::char_traits<char> >::seekoff(int, unsigned char, unsigned char)
 .text._ZNSt15basic_streambufIcSt11char_traitsIcEE7seekposEih
                0x00004a92        0x4 C:\Users\Carlos\AppData\Local\Temp\VMBuilds\eco\mkr1000\Debug\ArduinoSTL\ArduinoSTL.cpp.o
                0x00004a92                std::basic_streambuf<char, std::char_traits<char> >::seekpos(int, unsigned char)
 .text._ZNSt15basic_streambufIcSt11char_traitsIcEE4syncEv
                0x00004a96        0x4 C:\Users\Carlos\AppData\Local\Temp\VMBuilds\eco\mkr1000\Debug\ArduinoSTL\ArduinoSTL.cpp.o
                0x00004a96                std::basic_streambuf<char, std::char_traits<char> >::sync()
 .text._ZNSt15basic_serialbufIcSt11char_traitsIcE6StreamE9showmanycEv
                0x00004a9a        0xc C:\Users\Carlos\AppData\Local\Temp\VMBuilds\eco\mkr1000\Debug\ArduinoSTL\ArduinoSTL.cpp.o
                0x00004a9a                std::basic_serialbuf<char, std::char_traits<char>, Stream>::showmanyc()
 .text._ZNSt15basic_serialbufIcSt11char_traitsIcE6StreamE6xsgetnEPcl
                0x00004aa6       0x28 C:\Users\Carlos\AppData\Local\Temp\VMBuilds\eco\mkr1000\Debug\ArduinoSTL\ArduinoSTL.cpp.o
                0x00004aa6                std::basic_serialbuf<char, std::char_traits<char>, Stream>::xsgetn(char*, long)
 .text._ZNSt15basic_serialbufIcSt11char_traitsIcE6StreamE9underflowEv
                0x00004ace       0x1c C:\Users\Carlos\AppData\Local\Temp\VMBuilds\eco\mkr1000\Debug\ArduinoSTL\ArduinoSTL.cpp.o
                0x00004ace                std::basic_serialbuf<char, std::char_traits<char>, Stream>::underflow()
 .text._ZNSt15basic_serialbufIcSt11char_traitsIcE6StreamE5uflowEv
                0x00004aea       0x1c C:\Users\Carlos\AppData\Local\Temp\VMBuilds\eco\mkr1000\Debug\ArduinoSTL\ArduinoSTL.cpp.o
                0x00004aea                std::basic_serialbuf<char, std::char_traits<char>, Stream>::uflow()
 .text._ZNSt15basic_streambufIcSt11char_traitsIcEE9pbackfailEs
                0x00004b06        0x4 C:\Users\Carlos\AppData\Local\Temp\VMBuilds\eco\mkr1000\Debug\ArduinoSTL\ArduinoSTL.cpp.o
                0x00004b06                std::basic_streambuf<char, std::char_traits<char> >::pbackfail(short)
 .text._ZNSt15basic_streambufIcSt11char_traitsIcEE9showmanycEv
                0x00004b0a        0x4 C:\Users\Carlos\AppData\Local\Temp\VMBuilds\eco\mkr1000\Debug\ArduinoSTL\ArduinoSTL.cpp.o
                0x00004b0a                std::basic_streambuf<char, std::char_traits<char> >::showmanyc()
 .text._ZNSt15basic_streambufIcSt11char_traitsIcEE6xsgetnEPcl
                0x00004b0e        0x4 C:\Users\Carlos\AppData\Local\Temp\VMBuilds\eco\mkr1000\Debug\ArduinoSTL\ArduinoSTL.cpp.o
                0x00004b0e                std::basic_streambuf<char, std::char_traits<char> >::xsgetn(char*, long)
 .text._ZNSt15basic_streambufIcSt11char_traitsIcEE9underflowEv
                0x00004b12        0x6 C:\Users\Carlos\AppData\Local\Temp\VMBuilds\eco\mkr1000\Debug\ArduinoSTL\ArduinoSTL.cpp.o
                0x00004b12                std::basic_streambuf<char, std::char_traits<char> >::underflow()
 .text._ZNSt15basic_streambufIcSt11char_traitsIcEE5uflowEv
                0x00004b18       0x16 C:\Users\Carlos\AppData\Local\Temp\VMBuilds\eco\mkr1000\Debug\ArduinoSTL\ArduinoSTL.cpp.o
                0x00004b18                std::basic_streambuf<char, std::char_traits<char> >::uflow()
 .text._ZNSt15basic_streambufIcSt11char_traitsIcEE8overflowEs
                0x00004b2e        0x4 C:\Users\Carlos\AppData\Local\Temp\VMBuilds\eco\mkr1000\Debug\ArduinoSTL\ArduinoSTL.cpp.o
                0x00004b2e                std::basic_streambuf<char, std::char_traits<char> >::overflow(short)
 .text._ZNSt15basic_streambufIcSt11char_traitsIcEE6xsputnEPKcl
                0x00004b32       0x56 C:\Users\Carlos\AppData\Local\Temp\VMBuilds\eco\mkr1000\Debug\ArduinoSTL\ArduinoSTL.cpp.o
                0x00004b32                std::basic_streambuf<char, std::char_traits<char> >::xsputn(char const*, long)
 .text._ZNSt15basic_streambufIcSt11char_traitsIcEED0Ev
                0x00004b88       0x14 C:\Users\Carlos\AppData\Local\Temp\VMBuilds\eco\mkr1000\Debug\ArduinoSTL\ArduinoSTL.cpp.o
                0x00004b88                std::basic_streambuf<char, std::char_traits<char> >::~basic_streambuf()
 .text._ZNSt15basic_serialbufIcSt11char_traitsIcE6StreamED0Ev
                0x00004b9c       0x14 C:\Users\Carlos\AppData\Local\Temp\VMBuilds\eco\mkr1000\Debug\ArduinoSTL\ArduinoSTL.cpp.o
                0x00004b9c                std::basic_serialbuf<char, std::char_traits<char>, Stream>::~basic_serialbuf()
 .text._ZNSt9basic_iosIcSt11char_traitsIcEED0Ev
                0x00004bb0       0x14 C:\Users\Carlos\AppData\Local\Temp\VMBuilds\eco\mkr1000\Debug\ArduinoSTL\ArduinoSTL.cpp.o
                0x00004bb0                std::basic_ios<char, std::char_traits<char> >::~basic_ios()
 .text._ZNSoD0Ev
                0x00004bc4       0x2c C:\Users\Carlos\AppData\Local\Temp\VMBuilds\eco\mkr1000\Debug\ArduinoSTL\ArduinoSTL.cpp.o
                0x00004bc4                std::basic_ostream<char, std::char_traits<char> >::~basic_ostream()
                0x00004be0                virtual thunk to std::basic_ostream<char, std::char_traits<char> >::~basic_ostream()
 .text._ZNSiD0Ev
                0x00004bf0       0x2c C:\Users\Carlos\AppData\Local\Temp\VMBuilds\eco\mkr1000\Debug\ArduinoSTL\ArduinoSTL.cpp.o
                0x00004bf0                std::basic_istream<char, std::char_traits<char> >::~basic_istream()
                0x00004c0c                virtual thunk to std::basic_istream<char, std::char_traits<char> >::~basic_istream()
 .text._ZNSt19basic_oserialstreamIcSt11char_traitsIcE6StreamED0Ev
                0x00004c1c       0x22 C:\Users\Carlos\AppData\Local\Temp\VMBuilds\eco\mkr1000\Debug\ArduinoSTL\ArduinoSTL.cpp.o
                0x00004c1c                std::basic_oserialstream<char, std::char_traits<char>, Stream>::~basic_oserialstream()
                0x00004c2e                virtual thunk to std::basic_oserialstream<char, std::char_traits<char>, Stream>::~basic_oserialstream()
 .text._ZNSt19basic_iserialstreamIcSt11char_traitsIcE6StreamED0Ev
                0x00004c3e       0x22 C:\Users\Carlos\AppData\Local\Temp\VMBuilds\eco\mkr1000\Debug\ArduinoSTL\ArduinoSTL.cpp.o
                0x00004c3e                std::basic_iserialstream<char, std::char_traits<char>, Stream>::~basic_iserialstream()
                0x00004c50                virtual thunk to std::basic_iserialstream<char, std::char_traits<char>, Stream>::~basic_iserialstream()
 .text._ZNSt15basic_serialbufIcSt11char_traitsIcE6StreamE6xsputnEPKcl
                0x00004c60       0x30 C:\Users\Carlos\AppData\Local\Temp\VMBuilds\eco\mkr1000\Debug\ArduinoSTL\ArduinoSTL.cpp.o
                0x00004c60                std::basic_serialbuf<char, std::char_traits<char>, Stream>::xsputn(char const*, long)
 .text._ZNSt15basic_serialbufIcSt11char_traitsIcE6StreamE8overflowEs
                0x00004c90       0x28 C:\Users\Carlos\AppData\Local\Temp\VMBuilds\eco\mkr1000\Debug\ArduinoSTL\ArduinoSTL.cpp.o
                0x00004c90                std::basic_serialbuf<char, std::char_traits<char>, Stream>::overflow(short)
 .text.startup._GLOBAL__sub_I__ZSt4cout
                0x00004cb8       0xe8 C:\Users\Carlos\AppData\Local\Temp\VMBuilds\eco\mkr1000\Debug\ArduinoSTL\ArduinoSTL.cpp.o
 .text._ZN8SPIClass4initEv
                0x00004da0       0x12 C:\Users\Carlos\AppData\Local\Temp\VMBuilds\eco\mkr1000\Debug\SPI\SPI.cpp.o
                0x00004da0                SPIClass::init()
 .text._ZN8SPIClass6configE11SPISettings
                0x00004db2       0x36 C:\Users\Carlos\AppData\Local\Temp\VMBuilds\eco\mkr1000\Debug\SPI\SPI.cpp.o
                0x00004db2                SPIClass::config(SPISettings)
 .text._ZN8SPIClass5beginEv
                0x00004de8       0x50 C:\Users\Carlos\AppData\Local\Temp\VMBuilds\eco\mkr1000\Debug\SPI\SPI.cpp.o
                0x00004de8                SPIClass::begin()
 .text._ZN8SPIClass3endEv
                0x00004e38       0x10 C:\Users\Carlos\AppData\Local\Temp\VMBuilds\eco\mkr1000\Debug\SPI\SPI.cpp.o
                0x00004e38                SPIClass::end()
 .text._ZN8SPIClass16beginTransactionE11SPISettings
                0x00004e48       0x38 C:\Users\Carlos\AppData\Local\Temp\VMBuilds\eco\mkr1000\Debug\SPI\SPI.cpp.o
                0x00004e48                SPIClass::beginTransaction(SPISettings)
 .text._ZN8SPIClass14endTransactionEv
                0x00004e80       0x24 C:\Users\Carlos\AppData\Local\Temp\VMBuilds\eco\mkr1000\Debug\SPI\SPI.cpp.o
                0x00004e80                SPIClass::endTransaction()
 .text._ZN8SPIClass8transferEh
                0x00004ea4        0xa C:\Users\Carlos\AppData\Local\Temp\VMBuilds\eco\mkr1000\Debug\SPI\SPI.cpp.o
                0x00004ea4                SPIClass::transfer(unsigned char)
 *fill*         0x00004eae        0x2 
 .text.startup._GLOBAL__sub_I__ZN8SPIClassC2EP6SERCOMhhh14SercomSpiTXPad11SercomRXPad
                0x00004eb0       0x58 C:\Users\Carlos\AppData\Local\Temp\VMBuilds\eco\mkr1000\Debug\SPI\SPI.cpp.o
 .text._Z19printEncryptionTypei
                0x00004f08       0x4c C:\Users\Carlos\AppData\Local\Temp\VMBuilds\eco\mkr1000\Debug\debug.cpp.o
                0x00004f08                printEncryptionType(int)
 .text.startup._GLOBAL__sub_I__Z19printEncryptionTypei
                0x00004f54       0x18 C:\Users\Carlos\AppData\Local\Temp\VMBuilds\eco\mkr1000\Debug\debug.cpp.o
 .text._Z20scanNetworksToSerialv
                0x00004f6c       0xc8 C:\Users\Carlos\AppData\Local\Temp\VMBuilds\eco\mkr1000\Debug\debug.cpp.o
                0x00004f6c                scanNetworksToSerial()
 .text._ZN7Network11scanNetworkEv
                0x00005034      0x120 C:\Users\Carlos\AppData\Local\Temp\VMBuilds\eco\mkr1000\Debug\Network.cpp.o
                0x00005034                Network::scanNetwork()
 .text.startup._GLOBAL__sub_I__ZN7NetworkC2E6StringS0_
                0x00005154       0x18 C:\Users\Carlos\AppData\Local\Temp\VMBuilds\eco\mkr1000\Debug\Network.cpp.o
 .text.SERCOM5_Handler
                0x0000516c       0x10 C:\Users\Carlos\AppData\Local\Temp\VMBuilds\eco\mkr1000\Debug\variant\variant.cpp.o
                0x0000516c                SERCOM5_Handler
 .text.startup._GLOBAL__sub_I_g_APinDescription
                0x0000517c       0x80 C:\Users\Carlos\AppData\Local\Temp\VMBuilds\eco\mkr1000\Debug\variant\variant.cpp.o
 .text.__fpclassifyd
                0x000051fc       0x60 c:/users/carlos/appdata/local/arduino15/packages/arduino/tools/arm-none-eabi-gcc/4.8.3-2014q1/bin/../lib/gcc/arm-none-eabi/4.8.3/../../../../arm-none-eabi/lib/armv6-m\libm.a(lib_a-s_fpclassify.o)
                0x000051fc                __fpclassifyd
 .text.Dummy_Handler
                0x0000525c        0x2 C:\Users\Carlos\AppData\Local\Temp\VMBuilds\eco\mkr1000\Debug/core.a(cortex_handlers.c.o)
                0x0000525c                DMAC_Handler
                0x0000525c                HardFault_Handler
                0x0000525c                AC_Handler
                0x0000525c                PendSV_Handler
                0x0000525c                NMI_Handler
                0x0000525c                TC7_Handler
                0x0000525c                SERCOM1_Handler
                0x0000525c                ADC_Handler
                0x0000525c                TCC1_Handler
                0x0000525c                SERCOM2_Handler
                0x0000525c                TCC0_Handler
                0x0000525c                RTC_Handler
                0x0000525c                TC6_Handler
                0x0000525c                WDT_Handler
                0x0000525c                TC4_Handler
                0x0000525c                TC3_Handler
                0x0000525c                Dummy_Handler
                0x0000525c                PM_Handler
                0x0000525c                SVC_Handler
                0x0000525c                TCC2_Handler
                0x0000525c                EVSYS_Handler
                0x0000525c                SERCOM3_Handler
                0x0000525c                SERCOM4_Handler
                0x0000525c                I2S_Handler
                0x0000525c                NVMCTRL_Handler
                0x0000525c                SERCOM0_Handler
                0x0000525c                DAC_Handler
                0x0000525c                PTC_Handler
                0x0000525c                SYSCTRL_Handler
 *fill*         0x0000525e        0x2 
 .text.USB_Handler
                0x00005260       0x14 C:\Users\Carlos\AppData\Local\Temp\VMBuilds\eco\mkr1000\Debug/core.a(cortex_handlers.c.o)
                0x00005260                USB_Handler
 .text.Reset_Handler
                0x00005274       0x54 C:\Users\Carlos\AppData\Local\Temp\VMBuilds\eco\mkr1000\Debug/core.a(cortex_handlers.c.o)
                0x00005274                Reset_Handler
 .text.SysTick_Handler
                0x000052c8       0x10 C:\Users\Carlos\AppData\Local\Temp\VMBuilds\eco\mkr1000\Debug/core.a(cortex_handlers.c.o)
                0x000052c8                SysTick_Handler
 .text.USB_SetHandler
                0x000052d8        0xc C:\Users\Carlos\AppData\Local\Temp\VMBuilds\eco\mkr1000\Debug/core.a(cortex_handlers.c.o)
                0x000052d8                USB_SetHandler
 .text.millis   0x000052e4        0xc C:\Users\Carlos\AppData\Local\Temp\VMBuilds\eco\mkr1000\Debug/core.a(delay.c.o)
                0x000052e4                millis
 .text.delay    0x000052f0       0x20 C:\Users\Carlos\AppData\Local\Temp\VMBuilds\eco\mkr1000\Debug/core.a(delay.c.o)
                0x000052f0                delay
 .text.SysTick_DefaultHandler
                0x00005310       0x14 C:\Users\Carlos\AppData\Local\Temp\VMBuilds\eco\mkr1000\Debug/core.a(delay.c.o)
                0x00005310                SysTick_DefaultHandler
 .text.__empty  0x00005324        0x2 C:\Users\Carlos\AppData\Local\Temp\VMBuilds\eco\mkr1000\Debug/core.a(hooks.c.o)
                0x00005324                yield
 .text.__false  0x00005326        0x4 C:\Users\Carlos\AppData\Local\Temp\VMBuilds\eco\mkr1000\Debug/core.a(hooks.c.o)
                0x00005326                sysTickHook
 *fill*         0x0000532a        0x2 
 .text.SystemInit
                0x0000532c      0x16c C:\Users\Carlos\AppData\Local\Temp\VMBuilds\eco\mkr1000\Debug/core.a(startup.c.o)
                0x0000532c                SystemInit
 .text.attachInterrupt
                0x00005498      0x104 C:\Users\Carlos\AppData\Local\Temp\VMBuilds\eco\mkr1000\Debug/core.a(WInterrupts.c.o)
                0x00005498                attachInterrupt
 .text.detachInterrupt
                0x0000559c       0x30 C:\Users\Carlos\AppData\Local\Temp\VMBuilds\eco\mkr1000\Debug/core.a(WInterrupts.c.o)
                0x0000559c                detachInterrupt
 .text.EIC_Handler
                0x000055cc       0x30 C:\Users\Carlos\AppData\Local\Temp\VMBuilds\eco\mkr1000\Debug/core.a(WInterrupts.c.o)
                0x000055cc                EIC_Handler
 .text.init     0x000055fc       0xf0 C:\Users\Carlos\AppData\Local\Temp\VMBuilds\eco\mkr1000\Debug/core.a(wiring.c.o)
                0x000055fc                init
 .text.analogReference
                0x000056ec       0x5c C:\Users\Carlos\AppData\Local\Temp\VMBuilds\eco\mkr1000\Debug/core.a(wiring_analog.c.o)
                0x000056ec                analogReference
 .text.pinMode  0x00005748       0xb4 C:\Users\Carlos\AppData\Local\Temp\VMBuilds\eco\mkr1000\Debug/core.a(wiring_digital.c.o)
                0x00005748                pinMode
 .text.digitalWrite
                0x000057fc       0x60 C:\Users\Carlos\AppData\Local\Temp\VMBuilds\eco\mkr1000\Debug/core.a(wiring_digital.c.o)
                0x000057fc                digitalWrite
 .text.pinPeripheral
                0x0000585c       0xc4 C:\Users\Carlos\AppData\Local\Temp\VMBuilds\eco\mkr1000\Debug/core.a(wiring_private.c.o)
                0x0000585c                pinPeripheral
 .text._ZNK9IPAddress7printToER5Print
                0x00005920       0x3c C:\Users\Carlos\AppData\Local\Temp\VMBuilds\eco\mkr1000\Debug/core.a(IPAddress.cpp.o)
                0x00005920                IPAddress::printTo(Print&) const
 .text._ZN9IPAddressC2Ehhhh
                0x0000595c       0x1c C:\Users\Carlos\AppData\Local\Temp\VMBuilds\eco\mkr1000\Debug/core.a(IPAddress.cpp.o)
                0x0000595c                IPAddress::IPAddress(unsigned char, unsigned char, unsigned char, unsigned char)
                0x0000595c                IPAddress::IPAddress(unsigned char, unsigned char, unsigned char, unsigned char)
 .text.startup._GLOBAL__sub_I__ZN9IPAddressC2Ev
                0x00005978       0x1c C:\Users\Carlos\AppData\Local\Temp\VMBuilds\eco\mkr1000\Debug/core.a(IPAddress.cpp.o)
 .text._Z11initVariantv
                0x00005994        0x2 C:\Users\Carlos\AppData\Local\Temp\VMBuilds\eco\mkr1000\Debug/core.a(main.cpp.o)
                0x00005994                initVariant()
 *fill*         0x00005996        0x2 
 .text.startup.main
                0x00005998       0x40 C:\Users\Carlos\AppData\Local\Temp\VMBuilds\eco\mkr1000\Debug/core.a(main.cpp.o)
                0x00005998                main
 .text._Znwj    0x000059d8        0x8 C:\Users\Carlos\AppData\Local\Temp\VMBuilds\eco\mkr1000\Debug/core.a(new.cpp.o)
                0x000059d8                operator new(unsigned int)
 .text._ZdlPv   0x000059e0        0x8 C:\Users\Carlos\AppData\Local\Temp\VMBuilds\eco\mkr1000\Debug/core.a(new.cpp.o)
                0x000059e0                operator delete(void*)
 .text._ZN5Print5writeEPKhj
                0x000059e8       0x28 C:\Users\Carlos\AppData\Local\Temp\VMBuilds\eco\mkr1000\Debug/core.a(Print.cpp.o)
                0x000059e8                Print::write(unsigned char const*, unsigned int)
 .text._ZN5Print5printEmi.part.3
                0x00005a10        0xc C:\Users\Carlos\AppData\Local\Temp\VMBuilds\eco\mkr1000\Debug/core.a(Print.cpp.o)
 .text._ZN5Print5writeEPKc
                0x00005a1c       0x1c C:\Users\Carlos\AppData\Local\Temp\VMBuilds\eco\mkr1000\Debug/core.a(Print.cpp.o)
                0x00005a1c                Print::write(char const*)
 .text._ZN5Print5printERK6String
                0x00005a38       0x10 C:\Users\Carlos\AppData\Local\Temp\VMBuilds\eco\mkr1000\Debug/core.a(Print.cpp.o)
                0x00005a38                Print::print(String const&)
 .text._ZN5Print5printEPKc
                0x00005a48        0x8 C:\Users\Carlos\AppData\Local\Temp\VMBuilds\eco\mkr1000\Debug/core.a(Print.cpp.o)
                0x00005a48                Print::print(char const*)
 .text._ZN5Print5printEc
                0x00005a50        0xa C:\Users\Carlos\AppData\Local\Temp\VMBuilds\eco\mkr1000\Debug/core.a(Print.cpp.o)
                0x00005a50                Print::print(char)
 *fill*         0x00005a5a        0x2 
 .text._ZN5Print7printlnEv
                0x00005a5c       0x10 C:\Users\Carlos\AppData\Local\Temp\VMBuilds\eco\mkr1000\Debug/core.a(Print.cpp.o)
                0x00005a5c                Print::println()
 .text._ZN5Print7printlnEPKc
                0x00005a6c       0x14 C:\Users\Carlos\AppData\Local\Temp\VMBuilds\eco\mkr1000\Debug/core.a(Print.cpp.o)
                0x00005a6c                Print::println(char const*)
 .text._ZN5Print11printNumberEmh
                0x00005a80       0x4e C:\Users\Carlos\AppData\Local\Temp\VMBuilds\eco\mkr1000\Debug/core.a(Print.cpp.o)
                0x00005a80                Print::printNumber(unsigned long, unsigned char)
 .text._ZN5Print5printEli
                0x00005ace       0x3c C:\Users\Carlos\AppData\Local\Temp\VMBuilds\eco\mkr1000\Debug/core.a(Print.cpp.o)
                0x00005ace                Print::print(long, int)
 .text._ZN5Print5printEmi
                0x00005b0a       0x14 C:\Users\Carlos\AppData\Local\Temp\VMBuilds\eco\mkr1000\Debug/core.a(Print.cpp.o)
                0x00005b0a                Print::print(unsigned long, int)
 .text._ZN5Print5printEhi
                0x00005b1e        0x8 C:\Users\Carlos\AppData\Local\Temp\VMBuilds\eco\mkr1000\Debug/core.a(Print.cpp.o)
                0x00005b1e                Print::print(unsigned char, int)
 *fill*         0x00005b26        0x2 
 .text.initiateReset
                0x00005b28        0xc C:\Users\Carlos\AppData\Local\Temp\VMBuilds\eco\mkr1000\Debug/core.a(Reset.cpp.o)
                0x00005b28                initiateReset
 .text.cancelReset
                0x00005b34       0x10 C:\Users\Carlos\AppData\Local\Temp\VMBuilds\eco\mkr1000\Debug/core.a(Reset.cpp.o)
                0x00005b34                cancelReset
 .text.tickReset
                0x00005b44       0x74 C:\Users\Carlos\AppData\Local\Temp\VMBuilds\eco\mkr1000\Debug/core.a(Reset.cpp.o)
                0x00005b44                tickReset
 .text._ZN6SERCOMC2EP6Sercom
                0x00005bb8        0x4 C:\Users\Carlos\AppData\Local\Temp\VMBuilds\eco\mkr1000\Debug/core.a(SERCOM.cpp.o)
                0x00005bb8                SERCOM::SERCOM(Sercom*)
                0x00005bb8                SERCOM::SERCOM(Sercom*)
 .text._ZN6SERCOM9initFrameE18SercomUartCharSize15SercomDataOrder16SercomParityMode19SercomNumberStopBit
                0x00005bbc       0x38 C:\Users\Carlos\AppData\Local\Temp\VMBuilds\eco\mkr1000\Debug/core.a(SERCOM.cpp.o)
                0x00005bbc                SERCOM::initFrame(SercomUartCharSize, SercomDataOrder, SercomParityMode, SercomNumberStopBit)
 .text._ZN6SERCOM8initPadsE15SercomUartTXPad11SercomRXPad
                0x00005bf4       0x26 C:\Users\Carlos\AppData\Local\Temp\VMBuilds\eco\mkr1000\Debug/core.a(SERCOM.cpp.o)
                0x00005bf4                SERCOM::initPads(SercomUartTXPad, SercomRXPad)
 .text._ZN6SERCOM9resetUARTEv
                0x00005c1a       0x1c C:\Users\Carlos\AppData\Local\Temp\VMBuilds\eco\mkr1000\Debug/core.a(SERCOM.cpp.o)
                0x00005c1a                SERCOM::resetUART()
 .text._ZN6SERCOM10enableUARTEv
                0x00005c36       0x14 C:\Users\Carlos\AppData\Local\Temp\VMBuilds\eco\mkr1000\Debug/core.a(SERCOM.cpp.o)
                0x00005c36                SERCOM::enableUART()
 .text._ZN6SERCOM9flushUARTEv
                0x00005c4a       0x10 C:\Users\Carlos\AppData\Local\Temp\VMBuilds\eco\mkr1000\Debug/core.a(SERCOM.cpp.o)
                0x00005c4a                SERCOM::flushUART()
 .text._ZN6SERCOM15clearStatusUARTEv
                0x00005c5a        0x8 C:\Users\Carlos\AppData\Local\Temp\VMBuilds\eco\mkr1000\Debug/core.a(SERCOM.cpp.o)
                0x00005c5a                SERCOM::clearStatusUART()
 .text._ZN6SERCOM17availableDataUARTEv
                0x00005c62        0xa C:\Users\Carlos\AppData\Local\Temp\VMBuilds\eco\mkr1000\Debug/core.a(SERCOM.cpp.o)
                0x00005c62                SERCOM::availableDataUART()
 .text._ZN6SERCOM11isUARTErrorEv
                0x00005c6c        0x8 C:\Users\Carlos\AppData\Local\Temp\VMBuilds\eco\mkr1000\Debug/core.a(SERCOM.cpp.o)
                0x00005c6c                SERCOM::isUARTError()
 .text._ZN6SERCOM20acknowledgeUARTErrorEv
                0x00005c74        0xe C:\Users\Carlos\AppData\Local\Temp\VMBuilds\eco\mkr1000\Debug/core.a(SERCOM.cpp.o)
                0x00005c74                SERCOM::acknowledgeUARTError()
 .text._ZN6SERCOM12readDataUARTEv
                0x00005c82        0x8 C:\Users\Carlos\AppData\Local\Temp\VMBuilds\eco\mkr1000\Debug/core.a(SERCOM.cpp.o)
                0x00005c82                SERCOM::readDataUART()
 .text._ZN6SERCOM13writeDataUARTEh
                0x00005c8a        0xe C:\Users\Carlos\AppData\Local\Temp\VMBuilds\eco\mkr1000\Debug/core.a(SERCOM.cpp.o)
                0x00005c8a                SERCOM::writeDataUART(unsigned char)
 .text._ZN6SERCOM12initSPIClockE18SercomSpiClockModem
                0x00005c98       0x30 C:\Users\Carlos\AppData\Local\Temp\VMBuilds\eco\mkr1000\Debug/core.a(SERCOM.cpp.o)
                0x00005c98                SERCOM::initSPIClock(SercomSpiClockMode, unsigned long)
 .text._ZN6SERCOM8resetSPIEv
                0x00005cc8       0x1c C:\Users\Carlos\AppData\Local\Temp\VMBuilds\eco\mkr1000\Debug/core.a(SERCOM.cpp.o)
                0x00005cc8                SERCOM::resetSPI()
 .text._ZN6SERCOM9enableSPIEv
                0x00005ce4       0x14 C:\Users\Carlos\AppData\Local\Temp\VMBuilds\eco\mkr1000\Debug/core.a(SERCOM.cpp.o)
                0x00005ce4                SERCOM::enableSPI()
 .text._ZN6SERCOM10disableSPIEv
                0x00005cf8       0x12 C:\Users\Carlos\AppData\Local\Temp\VMBuilds\eco\mkr1000\Debug/core.a(SERCOM.cpp.o)
                0x00005cf8                SERCOM::disableSPI()
 .text._ZN6SERCOM15transferDataSPIEh
                0x00005d0a       0x1a C:\Users\Carlos\AppData\Local\Temp\VMBuilds\eco\mkr1000\Debug/core.a(SERCOM.cpp.o)
                0x00005d0a                SERCOM::transferDataSPI(unsigned char)
 .text._ZN6SERCOM13initClockNVICEv
                0x00005d24       0xac C:\Users\Carlos\AppData\Local\Temp\VMBuilds\eco\mkr1000\Debug/core.a(SERCOM.cpp.o)
                0x00005d24                SERCOM::initClockNVIC()
 .text._ZN6SERCOM8initUARTE14SercomUartMode20SercomUartSampleRatem
                0x00005dd0       0x6c C:\Users\Carlos\AppData\Local\Temp\VMBuilds\eco\mkr1000\Debug/core.a(SERCOM.cpp.o)
                0x00005dd0                SERCOM::initUART(SercomUartMode, SercomUartSampleRate, unsigned long)
 .text._ZN6SERCOM7initSPIE14SercomSpiTXPad11SercomRXPad17SercomSpiCharSize15SercomDataOrder
                0x00005e3c       0x48 C:\Users\Carlos\AppData\Local\Temp\VMBuilds\eco\mkr1000\Debug/core.a(SERCOM.cpp.o)
                0x00005e3c                SERCOM::initSPI(SercomSpiTXPad, SercomRXPad, SercomSpiCharSize, SercomDataOrder)
 .text._ZN4UartcvbEv
                0x00005e84        0x4 C:\Users\Carlos\AppData\Local\Temp\VMBuilds\eco\mkr1000\Debug/core.a(Uart.cpp.o)
                0x00005e84                Uart::operator bool()
 .text._ZN4Uart5beginEm
                0x00005e88       0x10 C:\Users\Carlos\AppData\Local\Temp\VMBuilds\eco\mkr1000\Debug/core.a(Uart.cpp.o)
                0x00005e88                Uart::begin(unsigned long)
 .text._ZN4Uart3endEv
                0x00005e98       0x14 C:\Users\Carlos\AppData\Local\Temp\VMBuilds\eco\mkr1000\Debug/core.a(Uart.cpp.o)
                0x00005e98                Uart::end()
 .text._ZN4Uart5flushEv
                0x00005eac        0xa C:\Users\Carlos\AppData\Local\Temp\VMBuilds\eco\mkr1000\Debug/core.a(Uart.cpp.o)
                0x00005eac                Uart::flush()
 .text._ZN4Uart9availableEv
                0x00005eb6        0xa C:\Users\Carlos\AppData\Local\Temp\VMBuilds\eco\mkr1000\Debug/core.a(Uart.cpp.o)
                0x00005eb6                Uart::available()
 .text._ZN4Uart4peekEv
                0x00005ec0        0xa C:\Users\Carlos\AppData\Local\Temp\VMBuilds\eco\mkr1000\Debug/core.a(Uart.cpp.o)
                0x00005ec0                Uart::peek()
 .text._ZN4Uart4readEv
                0x00005eca        0xa C:\Users\Carlos\AppData\Local\Temp\VMBuilds\eco\mkr1000\Debug/core.a(Uart.cpp.o)
                0x00005eca                Uart::read()
 .text._ZN4Uart5writeEh
                0x00005ed4        0xc C:\Users\Carlos\AppData\Local\Temp\VMBuilds\eco\mkr1000\Debug/core.a(Uart.cpp.o)
                0x00005ed4                Uart::write(unsigned char)
 .text._ZN4UartC2EP6SERCOMhh11SercomRXPad15SercomUartTXPad
                0x00005ee0       0x48 C:\Users\Carlos\AppData\Local\Temp\VMBuilds\eco\mkr1000\Debug/core.a(Uart.cpp.o)
                0x00005ee0                Uart::Uart(SERCOM*, unsigned char, unsigned char, SercomRXPad, SercomUartTXPad)
                0x00005ee0                Uart::Uart(SERCOM*, unsigned char, unsigned char, SercomRXPad, SercomUartTXPad)
 .text._ZN4Uart10IrqHandlerEv
                0x00005f28       0x36 C:\Users\Carlos\AppData\Local\Temp\VMBuilds\eco\mkr1000\Debug/core.a(Uart.cpp.o)
                0x00005f28                Uart::IrqHandler()
 .text._ZN4Uart16extractNbStopBitEt
                0x00005f5e        0xe C:\Users\Carlos\AppData\Local\Temp\VMBuilds\eco\mkr1000\Debug/core.a(Uart.cpp.o)
                0x00005f5e                Uart::extractNbStopBit(unsigned short)
 .text._ZN4Uart15extractCharSizeEt
                0x00005f6c       0x2c C:\Users\Carlos\AppData\Local\Temp\VMBuilds\eco\mkr1000\Debug/core.a(Uart.cpp.o)
                0x00005f6c                Uart::extractCharSize(unsigned short)
 .text._ZN4Uart13extractParityEt
                0x00005f98       0x18 C:\Users\Carlos\AppData\Local\Temp\VMBuilds\eco\mkr1000\Debug/core.a(Uart.cpp.o)
                0x00005f98                Uart::extractParity(unsigned short)
 .text._ZN4Uart5beginEmt
                0x00005fb0       0x88 C:\Users\Carlos\AppData\Local\Temp\VMBuilds\eco\mkr1000\Debug/core.a(Uart.cpp.o)
                0x00005fb0                Uart::begin(unsigned long, unsigned short)
 .text._ZN6StringD2Ev
                0x00006038        0xe C:\Users\Carlos\AppData\Local\Temp\VMBuilds\eco\mkr1000\Debug/core.a(WString.cpp.o)
                0x00006038                String::~String()
                0x00006038                String::~String()
 .text._ZN6String10invalidateEv
                0x00006046       0x18 C:\Users\Carlos\AppData\Local\Temp\VMBuilds\eco\mkr1000\Debug/core.a(WString.cpp.o)
                0x00006046                String::invalidate()
 .text._ZN6String12changeBufferEj
                0x0000605e       0x18 C:\Users\Carlos\AppData\Local\Temp\VMBuilds\eco\mkr1000\Debug/core.a(WString.cpp.o)
                0x0000605e                String::changeBuffer(unsigned int)
 .text._ZN6String7reserveEj
                0x00006076       0x28 C:\Users\Carlos\AppData\Local\Temp\VMBuilds\eco\mkr1000\Debug/core.a(WString.cpp.o)
                0x00006076                String::reserve(unsigned int)
 .text._ZN6String4copyEPKcj
                0x0000609e       0x28 C:\Users\Carlos\AppData\Local\Temp\VMBuilds\eco\mkr1000\Debug/core.a(WString.cpp.o)
                0x0000609e                String::copy(char const*, unsigned int)
 .text._ZN6StringC2EPKc
                0x000060c6       0x26 C:\Users\Carlos\AppData\Local\Temp\VMBuilds\eco\mkr1000\Debug/core.a(WString.cpp.o)
                0x000060c6                String::String(char const*)
                0x000060c6                String::String(char const*)
 .text._ZN6StringaSERKS_
                0x000060ec       0x20 C:\Users\Carlos\AppData\Local\Temp\VMBuilds\eco\mkr1000\Debug/core.a(WString.cpp.o)
                0x000060ec                String::operator=(String const&)
 .text._ZN6StringC2ERKS_
                0x0000610c       0x14 C:\Users\Carlos\AppData\Local\Temp\VMBuilds\eco\mkr1000\Debug/core.a(WString.cpp.o)
                0x0000610c                String::String(String const&)
                0x0000610c                String::String(String const&)
 .text._ZN6String6concatEPKcj
                0x00006120       0x32 C:\Users\Carlos\AppData\Local\Temp\VMBuilds\eco\mkr1000\Debug/core.a(WString.cpp.o)
                0x00006120                String::concat(char const*, unsigned int)
 .text._ZplRK15StringSumHelperRK6String
                0x00006152       0x1c C:\Users\Carlos\AppData\Local\Temp\VMBuilds\eco\mkr1000\Debug/core.a(WString.cpp.o)
                0x00006152                operator+(StringSumHelper const&, String const&)
 .text._ZN7Serial_17availableForWriteEv
                0x0000616e        0x4 C:\Users\Carlos\AppData\Local\Temp\VMBuilds\eco\mkr1000\Debug/core.a(CDC.cpp.o)
                0x0000616e                Serial_::availableForWrite()
 .text._ZN7Serial_5writeEh
                0x00006172       0x14 C:\Users\Carlos\AppData\Local\Temp\VMBuilds\eco\mkr1000\Debug/core.a(CDC.cpp.o)
                0x00006172                Serial_::write(unsigned char)
 .text._ZN7Serial_9availableEv
                0x00006186        0xc C:\Users\Carlos\AppData\Local\Temp\VMBuilds\eco\mkr1000\Debug/core.a(CDC.cpp.o)
                0x00006186                Serial_::available()
 .text._ZN7Serial_5flushEv
                0x00006192        0xc C:\Users\Carlos\AppData\Local\Temp\VMBuilds\eco\mkr1000\Debug/core.a(CDC.cpp.o)
                0x00006192                Serial_::flush()
 .text._ZN7Serial_5writeEPKhj
                0x0000619e       0x1c C:\Users\Carlos\AppData\Local\Temp\VMBuilds\eco\mkr1000\Debug/core.a(CDC.cpp.o)
                0x0000619e                Serial_::write(unsigned char const*, unsigned int)
 *fill*         0x000061ba        0x2 
 .text._ZN7Serial_4peekEv
                0x000061bc       0x1c C:\Users\Carlos\AppData\Local\Temp\VMBuilds\eco\mkr1000\Debug/core.a(CDC.cpp.o)
                0x000061bc                Serial_::peek()
 .text._ZN7Serial_4readEv
                0x000061d8       0x24 C:\Users\Carlos\AppData\Local\Temp\VMBuilds\eco\mkr1000\Debug/core.a(CDC.cpp.o)
                0x000061d8                Serial_::read()
 .text._Z16CDC_GetInterfacePh
                0x000061fc       0x1c C:\Users\Carlos\AppData\Local\Temp\VMBuilds\eco\mkr1000\Debug/core.a(CDC.cpp.o)
                0x000061fc                CDC_GetInterface(unsigned char*)
 .text._Z9CDC_SetupR8USBSetup
                0x00006218       0x80 C:\Users\Carlos\AppData\Local\Temp\VMBuilds\eco\mkr1000\Debug/core.a(CDC.cpp.o)
                0x00006218                CDC_Setup(USBSetup&)
 .text._ZN7Serial_5beginEm
                0x00006298        0x2 C:\Users\Carlos\AppData\Local\Temp\VMBuilds\eco\mkr1000\Debug/core.a(CDC.cpp.o)
                0x00006298                Serial_::begin(unsigned long)
 *fill*         0x0000629a        0x2 
 .text._ZN7Serial_cvbEv
                0x0000629c       0x28 C:\Users\Carlos\AppData\Local\Temp\VMBuilds\eco\mkr1000\Debug/core.a(CDC.cpp.o)
                0x0000629c                Serial_::operator bool()
 .text.startup._GLOBAL__sub_I__Z17_CDC_GetInterfacev
                0x000062c4       0x28 C:\Users\Carlos\AppData\Local\Temp\VMBuilds\eco\mkr1000\Debug/core.a(CDC.cpp.o)
 .text._ZN14USBDeviceClass6initEPEmm.part.4
                0x000062ec       0x80 C:\Users\Carlos\AppData\Local\Temp\VMBuilds\eco\mkr1000\Debug/core.a(USBCore.cpp.o)
 .text._ZN20USBDevice_SAMD21G18x5resetEv
                0x0000636c       0x28 C:\Users\Carlos\AppData\Local\Temp\VMBuilds\eco\mkr1000\Debug/core.a(USBCore.cpp.o)
                0x0000636c                USBDevice_SAMD21G18x::reset()
 .text._ZN20USBDevice_SAMD21G18x9calibrateEv
                0x00006394       0x5c C:\Users\Carlos\AppData\Local\Temp\VMBuilds\eco\mkr1000\Debug/core.a(USBCore.cpp.o)
                0x00006394                USBDevice_SAMD21G18x::calibrate()
 .text._ZN7__GuardC2Ev
                0x000063f0        0xe C:\Users\Carlos\AppData\Local\Temp\VMBuilds\eco\mkr1000\Debug/core.a(USBCore.cpp.o)
                0x000063f0                __Guard::__Guard()
                0x000063f0                __Guard::__Guard()
 .text._ZN7__GuardD2Ev
                0x000063fe        0xe C:\Users\Carlos\AppData\Local\Temp\VMBuilds\eco\mkr1000\Debug/core.a(USBCore.cpp.o)
                0x000063fe                __Guard::~__Guard()
                0x000063fe                __Guard::~__Guard()
 .text._ZNK26DoubleBufferedEPOutHandler9availableEv
                0x0000640c       0x5e C:\Users\Carlos\AppData\Local\Temp\VMBuilds\eco\mkr1000\Debug/core.a(USBCore.cpp.o)
                0x0000640c                DoubleBufferedEPOutHandler::available() const
 *fill*         0x0000646a        0x2 
 .text._ZN26DoubleBufferedEPOutHandler7releaseEv
                0x0000646c       0x58 C:\Users\Carlos\AppData\Local\Temp\VMBuilds\eco\mkr1000\Debug/core.a(USBCore.cpp.o)
                0x0000646c                DoubleBufferedEPOutHandler::release()
 .text._ZN26DoubleBufferedEPOutHandler4recvEPvm
                0x000064c4      0x11c C:\Users\Carlos\AppData\Local\Temp\VMBuilds\eco\mkr1000\Debug/core.a(USBCore.cpp.o)
                0x000064c4                DoubleBufferedEPOutHandler::recv(void*, unsigned long)
 .text._ZN26DoubleBufferedEPOutHandler14handleEndpointEv
                0x000065e0       0xc4 C:\Users\Carlos\AppData\Local\Temp\VMBuilds\eco\mkr1000\Debug/core.a(USBCore.cpp.o)
                0x000065e0                DoubleBufferedEPOutHandler::handleEndpoint()
 .text._ZN14USBDeviceClass14SendInterfacesEPm
                0x000066a4       0x2c C:\Users\Carlos\AppData\Local\Temp\VMBuilds\eco\mkr1000\Debug/core.a(USBCore.cpp.o)
                0x000066a4                USBDeviceClass::SendInterfaces(unsigned long*)
 .text._ZN14USBDeviceClass14handleEndpointEh
                0x000066d0       0x40 C:\Users\Carlos\AppData\Local\Temp\VMBuilds\eco\mkr1000\Debug/core.a(USBCore.cpp.o)
                0x000066d0                USBDeviceClass::handleEndpoint(unsigned char)
 .text._ZN14USBDeviceClass4initEv
                0x00006710       0xc0 C:\Users\Carlos\AppData\Local\Temp\VMBuilds\eco\mkr1000\Debug/core.a(USBCore.cpp.o)
                0x00006710                USBDeviceClass::init()
 .text._ZN14USBDeviceClass6attachEv
                0x000067d0       0x34 C:\Users\Carlos\AppData\Local\Temp\VMBuilds\eco\mkr1000\Debug/core.a(USBCore.cpp.o)
                0x000067d0                USBDeviceClass::attach()
 .text._ZN14USBDeviceClass10setAddressEm
                0x00006804       0x48 C:\Users\Carlos\AppData\Local\Temp\VMBuilds\eco\mkr1000\Debug/core.a(USBCore.cpp.o)
                0x00006804                USBDeviceClass::setAddress(unsigned long)
 .text._ZN14USBDeviceClass25handleClassInterfaceSetupER8USBSetup
                0x0000684c       0x40 C:\Users\Carlos\AppData\Local\Temp\VMBuilds\eco\mkr1000\Debug/core.a(USBCore.cpp.o)
                0x0000684c                USBDeviceClass::handleClassInterfaceSetup(USBSetup&)
 .text._ZN14USBDeviceClass6initEPEmm
                0x0000688c      0x128 C:\Users\Carlos\AppData\Local\Temp\VMBuilds\eco\mkr1000\Debug/core.a(USBCore.cpp.o)
                0x0000688c                USBDeviceClass::initEP(unsigned long, unsigned long)
 .text._ZN14USBDeviceClass13initEndpointsEv
                0x000069b4       0x24 C:\Users\Carlos\AppData\Local\Temp\VMBuilds\eco\mkr1000\Debug/core.a(USBCore.cpp.o)
                0x000069b4                USBDeviceClass::initEndpoints()
 .text._ZN14USBDeviceClass9availableEm
                0x000069d8       0x2c C:\Users\Carlos\AppData\Local\Temp\VMBuilds\eco\mkr1000\Debug/core.a(USBCore.cpp.o)
                0x000069d8                USBDeviceClass::available(unsigned long)
 .text._ZN14USBDeviceClass5flushEm
                0x00006a04       0x2c C:\Users\Carlos\AppData\Local\Temp\VMBuilds\eco\mkr1000\Debug/core.a(USBCore.cpp.o)
                0x00006a04                USBDeviceClass::flush(unsigned long)
 .text._ZN14USBDeviceClass14armRecvCtrlOUTEm
                0x00006a30       0x60 C:\Users\Carlos\AppData\Local\Temp\VMBuilds\eco\mkr1000\Debug/core.a(USBCore.cpp.o)
                0x00006a30                USBDeviceClass::armRecvCtrlOUT(unsigned long)
 .text._ZN14USBDeviceClass11recvControlEPvm
                0x00006a90       0x3c C:\Users\Carlos\AppData\Local\Temp\VMBuilds\eco\mkr1000\Debug/core.a(USBCore.cpp.o)
                0x00006a90                USBDeviceClass::recvControl(void*, unsigned long)
 .text._ZN14USBDeviceClass7armRecvEm
                0x00006acc       0x3c C:\Users\Carlos\AppData\Local\Temp\VMBuilds\eco\mkr1000\Debug/core.a(USBCore.cpp.o)
                0x00006acc                USBDeviceClass::armRecv(unsigned long)
 .text._ZN14USBDeviceClass4recvEmPvm
                0x00006b08       0xc0 C:\Users\Carlos\AppData\Local\Temp\VMBuilds\eco\mkr1000\Debug/core.a(USBCore.cpp.o)
                0x00006b08                USBDeviceClass::recv(unsigned long, void*, unsigned long)
 .text._ZN14USBDeviceClass4recvEm
                0x00006bc8       0x1c C:\Users\Carlos\AppData\Local\Temp\VMBuilds\eco\mkr1000\Debug/core.a(USBCore.cpp.o)
                0x00006bc8                USBDeviceClass::recv(unsigned long)
 .text._ZN14USBDeviceClass4sendEmPKvm
                0x00006be4      0x10c C:\Users\Carlos\AppData\Local\Temp\VMBuilds\eco\mkr1000\Debug/core.a(USBCore.cpp.o)
                0x00006be4                USBDeviceClass::send(unsigned long, void const*, unsigned long)
 .text._ZN14USBDeviceClass7armSendEmPKvm
                0x00006cf0       0x48 C:\Users\Carlos\AppData\Local\Temp\VMBuilds\eco\mkr1000\Debug/core.a(USBCore.cpp.o)
                0x00006cf0                USBDeviceClass::armSend(unsigned long, void const*, unsigned long)
 .text._ZN14USBDeviceClass11sendControlEPKvm
                0x00006d38       0x58 C:\Users\Carlos\AppData\Local\Temp\VMBuilds\eco\mkr1000\Debug/core.a(USBCore.cpp.o)
                0x00006d38                USBDeviceClass::sendControl(void const*, unsigned long)
 .text._ZN14USBDeviceClass20sendStringDescriptorEPKhh
                0x00006d90       0x68 C:\Users\Carlos\AppData\Local\Temp\VMBuilds\eco\mkr1000\Debug/core.a(USBCore.cpp.o)
                0x00006d90                USBDeviceClass::sendStringDescriptor(unsigned char const*, unsigned char)
 .text._ZN14USBDeviceClass12packMessagesEb.part.6
                0x00006df8       0x20 C:\Users\Carlos\AppData\Local\Temp\VMBuilds\eco\mkr1000\Debug/core.a(USBCore.cpp.o)
 .text._ZN14USBDeviceClass17sendConfigurationEm
                0x00006e18       0x90 C:\Users\Carlos\AppData\Local\Temp\VMBuilds\eco\mkr1000\Debug/core.a(USBCore.cpp.o)
                0x00006e18                USBDeviceClass::sendConfiguration(unsigned long)
 .text._ZN14USBDeviceClass14sendDescriptorER8USBSetup
                0x00006ea8       0xb4 C:\Users\Carlos\AppData\Local\Temp\VMBuilds\eco\mkr1000\Debug/core.a(USBCore.cpp.o)
                0x00006ea8                USBDeviceClass::sendDescriptor(USBSetup&)
 .text._ZN14USBDeviceClass19handleStandardSetupER8USBSetup
                0x00006f5c      0x118 C:\Users\Carlos\AppData\Local\Temp\VMBuilds\eco\mkr1000\Debug/core.a(USBCore.cpp.o)
                0x00006f5c                USBDeviceClass::handleStandardSetup(USBSetup&)
 .text._ZN14USBDeviceClass10ISRHandlerEv
                0x00007074      0x108 C:\Users\Carlos\AppData\Local\Temp\VMBuilds\eco\mkr1000\Debug/core.a(USBCore.cpp.o)
                0x00007074                USBDeviceClass::ISRHandler()
 .text.UDD_Handler
                0x0000717c       0x10 C:\Users\Carlos\AppData\Local\Temp\VMBuilds\eco\mkr1000\Debug/core.a(USBCore.cpp.o)
                0x0000717c                UDD_Handler
 .text.startup._GLOBAL__sub_I__ZN20USBDevice_SAMD21G18x5resetEv
                0x0000718c       0x10 C:\Users\Carlos\AppData\Local\Temp\VMBuilds\eco\mkr1000\Debug/core.a(USBCore.cpp.o)
 .text._ZN10RingBufferC2Ev
                0x0000719c       0x16 C:\Users\Carlos\AppData\Local\Temp\VMBuilds\eco\mkr1000\Debug/core.a(RingBuffer.cpp.o)
                0x0000719c                RingBuffer::RingBuffer()
                0x0000719c                RingBuffer::RingBuffer()
 .text._ZN10RingBuffer10store_charEh
                0x000071b2       0x16 C:\Users\Carlos\AppData\Local\Temp\VMBuilds\eco\mkr1000\Debug/core.a(RingBuffer.cpp.o)
                0x000071b2                RingBuffer::store_char(unsigned char)
 .text._ZN10RingBuffer5clearEv
                0x000071c8        0x8 C:\Users\Carlos\AppData\Local\Temp\VMBuilds\eco\mkr1000\Debug/core.a(RingBuffer.cpp.o)
                0x000071c8                RingBuffer::clear()
 .text._ZN10RingBuffer9read_charEv
                0x000071d0       0x1c C:\Users\Carlos\AppData\Local\Temp\VMBuilds\eco\mkr1000\Debug/core.a(RingBuffer.cpp.o)
                0x000071d0                RingBuffer::read_char()
 .text._ZN10RingBuffer9availableEv
                0x000071ec        0xc C:\Users\Carlos\AppData\Local\Temp\VMBuilds\eco\mkr1000\Debug/core.a(RingBuffer.cpp.o)
                0x000071ec                RingBuffer::available()
 .text._ZN10RingBuffer4peekEv
                0x000071f8       0x12 C:\Users\Carlos\AppData\Local\Temp\VMBuilds\eco\mkr1000\Debug/core.a(RingBuffer.cpp.o)
                0x000071f8                RingBuffer::peek()
 .text._ZN13PluggableUSB_12getInterfaceEPh
                0x0000720a       0x2a C:\Users\Carlos\AppData\Local\Temp\VMBuilds\eco\mkr1000\Debug/core.a(PluggableUSB.cpp.o)
                0x0000720a                PluggableUSB_::getInterface(unsigned char*)
 .text._ZN13PluggableUSB_13getDescriptorER8USBSetup
                0x00007234       0x20 C:\Users\Carlos\AppData\Local\Temp\VMBuilds\eco\mkr1000\Debug/core.a(PluggableUSB.cpp.o)
                0x00007234                PluggableUSB_::getDescriptor(USBSetup&)
 .text._ZN13PluggableUSB_12getShortNameEPc
                0x00007254       0x1e C:\Users\Carlos\AppData\Local\Temp\VMBuilds\eco\mkr1000\Debug/core.a(PluggableUSB.cpp.o)
                0x00007254                PluggableUSB_::getShortName(char*)
 .text._ZN13PluggableUSB_5setupER8USBSetup
                0x00007272       0x24 C:\Users\Carlos\AppData\Local\Temp\VMBuilds\eco\mkr1000\Debug/core.a(PluggableUSB.cpp.o)
                0x00007272                PluggableUSB_::setup(USBSetup&)
 *fill*         0x00007296        0x2 
 .text._Z12PluggableUSBv
                0x00007298       0x24 C:\Users\Carlos\AppData\Local\Temp\VMBuilds\eco\mkr1000\Debug/core.a(PluggableUSB.cpp.o)
                0x00007298                PluggableUSB()
 .text          0x000072bc       0x14 c:/users/carlos/appdata/local/arduino15/packages/arduino/tools/arm-none-eabi-gcc/4.8.3-2014q1/bin/../lib/gcc/arm-none-eabi/4.8.3/armv6-m\libgcc.a(_thumb1_case_uqi.o)
                0x000072bc                __gnu_thumb1_case_uqi
 .text          0x000072d0       0x9c c:/users/carlos/appdata/local/arduino15/packages/arduino/tools/arm-none-eabi-gcc/4.8.3-2014q1/bin/../lib/gcc/arm-none-eabi/4.8.3/armv6-m\libgcc.a(_udivsi3.o)
                0x000072d0                __aeabi_uidiv
                0x000072d0                __udivsi3
                0x00007358                __aeabi_uidivmod
 .text          0x0000736c       0xc0 c:/users/carlos/appdata/local/arduino15/packages/arduino/tools/arm-none-eabi-gcc/4.8.3-2014q1/bin/../lib/gcc/arm-none-eabi/4.8.3/armv6-m\libgcc.a(_divsi3.o)
                0x0000736c                __divsi3
                0x0000736c                __aeabi_idiv
                0x00007418                __aeabi_idivmod
 .text          0x0000742c        0x4 c:/users/carlos/appdata/local/arduino15/packages/arduino/tools/arm-none-eabi-gcc/4.8.3-2014q1/bin/../lib/gcc/arm-none-eabi/4.8.3/armv6-m\libgcc.a(_dvmd_tls.o)
                0x0000742c                __aeabi_idiv0
                0x0000742c                __aeabi_ldiv0
 .text          0x00007430       0x7c c:/users/carlos/appdata/local/arduino15/packages/arduino/tools/arm-none-eabi-gcc/4.8.3-2014q1/bin/../lib/gcc/arm-none-eabi/4.8.3/armv6-m\libgcc.a(_arm_cmpdf2.o)
                0x00007430                __aeabi_cdrcmple
                0x00007440                __aeabi_cdcmple
                0x00007440                __aeabi_cdcmpeq
                0x00007450                __aeabi_dcmpeq
                0x0000745c                __aeabi_dcmplt
                0x00007470                __aeabi_dcmple
                0x00007484                __aeabi_dcmpgt
                0x00007498                __aeabi_dcmpge
 .text          0x000074ac      0x638 c:/users/carlos/appdata/local/arduino15/packages/arduino/tools/arm-none-eabi-gcc/4.8.3-2014q1/bin/../lib/gcc/arm-none-eabi/4.8.3/armv6-m\libgcc.a(adddf3.o)
                0x000074ac                __aeabi_dadd
 .text          0x00007ae4      0x648 c:/users/carlos/appdata/local/arduino15/packages/arduino/tools/arm-none-eabi-gcc/4.8.3-2014q1/bin/../lib/gcc/arm-none-eabi/4.8.3/armv6-m\libgcc.a(divdf3.o)
                0x00007ae4                __aeabi_ddiv
 .text          0x0000812c       0x94 c:/users/carlos/appdata/local/arduino15/packages/arduino/tools/arm-none-eabi-gcc/4.8.3-2014q1/bin/../lib/gcc/arm-none-eabi/4.8.3/armv6-m\libgcc.a(eqdf2.o)
                0x0000812c                __nedf2
                0x0000812c                __eqdf2
 .text          0x000081c0       0xfc c:/users/carlos/appdata/local/arduino15/packages/arduino/tools/arm-none-eabi-gcc/4.8.3-2014q1/bin/../lib/gcc/arm-none-eabi/4.8.3/armv6-m\libgcc.a(gedf2.o)
                0x000081c0                __gedf2
                0x000081c0                __gtdf2
 .text          0x000082bc       0xfc c:/users/carlos/appdata/local/arduino15/packages/arduino/tools/arm-none-eabi-gcc/4.8.3-2014q1/bin/../lib/gcc/arm-none-eabi/4.8.3/armv6-m\libgcc.a(ledf2.o)
                0x000082bc                __ledf2
                0x000082bc                __ltdf2
 .text          0x000083b8      0x520 c:/users/carlos/appdata/local/arduino15/packages/arduino/tools/arm-none-eabi-gcc/4.8.3-2014q1/bin/../lib/gcc/arm-none-eabi/4.8.3/armv6-m\libgcc.a(muldf3.o)
                0x000083b8                __aeabi_dmul
 .text          0x000088d8      0x654 c:/users/carlos/appdata/local/arduino15/packages/arduino/tools/arm-none-eabi-gcc/4.8.3-2014q1/bin/../lib/gcc/arm-none-eabi/4.8.3/armv6-m\libgcc.a(subdf3.o)
                0x000088d8                __aeabi_dsub
 .text          0x00008f2c       0x68 c:/users/carlos/appdata/local/arduino15/packages/arduino/tools/arm-none-eabi-gcc/4.8.3-2014q1/bin/../lib/gcc/arm-none-eabi/4.8.3/armv6-m\libgcc.a(fixdfsi.o)
                0x00008f2c                __aeabi_d2iz
 .text          0x00008f94       0x68 c:/users/carlos/appdata/local/arduino15/packages/arduino/tools/arm-none-eabi-gcc/4.8.3-2014q1/bin/../lib/gcc/arm-none-eabi/4.8.3/armv6-m\libgcc.a(floatunsidf.o)
                0x00008f94                __aeabi_ui2d
 .text          0x00008ffc       0x3c c:/users/carlos/appdata/local/arduino15/packages/arduino/tools/arm-none-eabi-gcc/4.8.3-2014q1/bin/../lib/gcc/arm-none-eabi/4.8.3/armv6-m\libgcc.a(_clzsi2.o)
                0x00008ffc                __clzsi2
 .text.__aeabi_atexit
                0x00009038        0xe c:/users/carlos/appdata/local/arduino15/packages/arduino/tools/arm-none-eabi-gcc/4.8.3-2014q1/bin/../lib/gcc/arm-none-eabi/4.8.3/../../../../arm-none-eabi/lib/armv6-m\libc_s.a(lib_a-aeabi_atexit.o)
                0x00009038                __aeabi_atexit
 *fill*         0x00009046        0x2 
 .text.__cxa_atexit
                0x00009048       0x20 c:/users/carlos/appdata/local/arduino15/packages/arduino/tools/arm-none-eabi-gcc/4.8.3-2014q1/bin/../lib/gcc/arm-none-eabi/4.8.3/../../../../arm-none-eabi/lib/armv6-m\libc_s.a(lib_a-cxa_atexit.o)
                0x00009048                __cxa_atexit
 .text.__libc_init_array
                0x00009068       0x4c c:/users/carlos/appdata/local/arduino15/packages/arduino/tools/arm-none-eabi-gcc/4.8.3-2014q1/bin/../lib/gcc/arm-none-eabi/4.8.3/../../../../arm-none-eabi/lib/armv6-m\libc_s.a(lib_a-init.o)
                0x00009068                __libc_init_array
 .text.malloc   0x000090b4       0x14 c:/users/carlos/appdata/local/arduino15/packages/arduino/tools/arm-none-eabi-gcc/4.8.3-2014q1/bin/../lib/gcc/arm-none-eabi/4.8.3/../../../../arm-none-eabi/lib/armv6-m\libc_s.a(lib_a-malloc.o)
                0x000090b4                malloc
 .text.free     0x000090c8       0x14 c:/users/carlos/appdata/local/arduino15/packages/arduino/tools/arm-none-eabi-gcc/4.8.3-2014q1/bin/../lib/gcc/arm-none-eabi/4.8.3/../../../../arm-none-eabi/lib/armv6-m\libc_s.a(lib_a-malloc.o)
                0x000090c8                free
 .text.memcpy   0x000090dc       0x12 c:/users/carlos/appdata/local/arduino15/packages/arduino/tools/arm-none-eabi-gcc/4.8.3-2014q1/bin/../lib/gcc/arm-none-eabi/4.8.3/../../../../arm-none-eabi/lib/armv6-m\libc_s.a(lib_a-memcpy-stub.o)
                0x000090dc                memcpy
 .text.memmove  0x000090ee       0x32 c:/users/carlos/appdata/local/arduino15/packages/arduino/tools/arm-none-eabi-gcc/4.8.3-2014q1/bin/../lib/gcc/arm-none-eabi/4.8.3/../../../../arm-none-eabi/lib/armv6-m\libc_s.a(lib_a-memmove.o)
                0x000090ee                memmove
 .text.memset   0x00009120       0x10 c:/users/carlos/appdata/local/arduino15/packages/arduino/tools/arm-none-eabi-gcc/4.8.3-2014q1/bin/../lib/gcc/arm-none-eabi/4.8.3/../../../../arm-none-eabi/lib/armv6-m\libc_s.a(lib_a-memset.o)
                0x00009120                memset
 .text._free_r  0x00009130       0x90 c:/users/carlos/appdata/local/arduino15/packages/arduino/tools/arm-none-eabi-gcc/4.8.3-2014q1/bin/../lib/gcc/arm-none-eabi/4.8.3/../../../../arm-none-eabi/lib/armv6-m\libc_s.a(lib_a-nano-freer.o)
                0x00009130                _free_r
 .text._malloc_r
                0x000091c0       0xa8 c:/users/carlos/appdata/local/arduino15/packages/arduino/tools/arm-none-eabi-gcc/4.8.3-2014q1/bin/../lib/gcc/arm-none-eabi/4.8.3/../../../../arm-none-eabi/lib/armv6-m\libc_s.a(lib_a-nano-mallocr.o)
                0x000091c0                _malloc_r
 .text.realloc  0x00009268       0x18 c:/users/carlos/appdata/local/arduino15/packages/arduino/tools/arm-none-eabi-gcc/4.8.3-2014q1/bin/../lib/gcc/arm-none-eabi/4.8.3/../../../../arm-none-eabi/lib/armv6-m\libc_s.a(lib_a-realloc.o)
                0x00009268                realloc
 .text._sbrk_r  0x00009280       0x24 c:/users/carlos/appdata/local/arduino15/packages/arduino/tools/arm-none-eabi-gcc/4.8.3-2014q1/bin/../lib/gcc/arm-none-eabi/4.8.3/../../../../arm-none-eabi/lib/armv6-m\libc_s.a(lib_a-sbrkr.o)
                0x00009280                _sbrk_r
 .text.sprintf  0x000092a4       0x44 c:/users/carlos/appdata/local/arduino15/packages/arduino/tools/arm-none-eabi-gcc/4.8.3-2014q1/bin/../lib/gcc/arm-none-eabi/4.8.3/../../../../arm-none-eabi/lib/armv6-m\libc_s.a(lib_a-sprintf.o)
                0x000092a4                siprintf
                0x000092a4                sprintf
 .text.strcpy   0x000092e8       0x10 c:/users/carlos/appdata/local/arduino15/packages/arduino/tools/arm-none-eabi-gcc/4.8.3-2014q1/bin/../lib/gcc/arm-none-eabi/4.8.3/../../../../arm-none-eabi/lib/armv6-m\libc_s.a(lib_a-strcpy.o)
                0x000092e8                strcpy
 .text.strlen   0x000092f8        0xe c:/users/carlos/appdata/local/arduino15/packages/arduino/tools/arm-none-eabi-gcc/4.8.3-2014q1/bin/../lib/gcc/arm-none-eabi/4.8.3/../../../../arm-none-eabi/lib/armv6-m\libc_s.a(lib_a-strlen.o)
                0x000092f8                strlen
 *fill*         0x00009306        0x2 
 .text.__ssputs_r
                0x00009308       0xc0 c:/users/carlos/appdata/local/arduino15/packages/arduino/tools/arm-none-eabi-gcc/4.8.3-2014q1/bin/../lib/gcc/arm-none-eabi/4.8.3/../../../../arm-none-eabi/lib/armv6-m\libc_s.a(lib_a-svfprintf.o)
                0x00009308                __ssputs_r
 .text._svfprintf_r
                0x000093c8      0x1e0 c:/users/carlos/appdata/local/arduino15/packages/arduino/tools/arm-none-eabi-gcc/4.8.3-2014q1/bin/../lib/gcc/arm-none-eabi/4.8.3/../../../../arm-none-eabi/lib/armv6-m\libc_s.a(lib_a-svfprintf.o)
                0x000093c8                _svfiprintf_r
                0x000093c8                _svfprintf_r
 .text.__cvt    0x000095a8       0xd0 c:/users/carlos/appdata/local/arduino15/packages/arduino/tools/arm-none-eabi-gcc/4.8.3-2014q1/bin/../lib/gcc/arm-none-eabi/4.8.3/../../../../arm-none-eabi/lib/armv6-m\libc_s.a(lib_a-vfprintf_float.o)
                0x000095a8                __cvt
 .text.__exponent
                0x00009678       0x6a c:/users/carlos/appdata/local/arduino15/packages/arduino/tools/arm-none-eabi-gcc/4.8.3-2014q1/bin/../lib/gcc/arm-none-eabi/4.8.3/../../../../arm-none-eabi/lib/armv6-m\libc_s.a(lib_a-vfprintf_float.o)
                0x00009678                __exponent
 *fill*         0x000096e2        0x6 
 .text._printf_float
                0x000096e8      0x458 c:/users/carlos/appdata/local/arduino15/packages/arduino/tools/arm-none-eabi-gcc/4.8.3-2014q1/bin/../lib/gcc/arm-none-eabi/4.8.3/../../../../arm-none-eabi/lib/armv6-m\libc_s.a(lib_a-vfprintf_float.o)
                0x000096e8                _printf_float
 .text._printf_common